Archive member included to satisfy reference by file (symbol)

/opt/devkitpro/libogc/lib/wii/libwiiuse.a(wpad.o)
                              template.o (WPAD_Init)
/opt/devkitpro/libogc/lib/wii/libwiiuse.a(motion_plus.o)
                              /opt/devkitpro/libogc/lib/wii/libwiiuse.a(wpad.o) (wiiuse_set_motion_plus)
/opt/devkitpro/libogc/lib/wii/libwiiuse.a(dynamics.o)
                              /opt/devkitpro/libogc/lib/wii/libwiiuse.a(wpad.o) (calculate_gforce)
/opt/devkitpro/libogc/lib/wii/libwiiuse.a(io.o)
                              /opt/devkitpro/libogc/lib/wii/libwiiuse.a(motion_plus.o) (wiiuse_disable_expansion)
/opt/devkitpro/libogc/lib/wii/libwiiuse.a(io_wii.o)
                              /opt/devkitpro/libogc/lib/wii/libwiiuse.a(wpad.o) (__wiiuse_sensorbar_enable)
/opt/devkitpro/libogc/lib/wii/libwiiuse.a(ir.o)
                              /opt/devkitpro/libogc/lib/wii/libwiiuse.a(motion_plus.o) (wiiuse_set_ir_mode)
/opt/devkitpro/libogc/lib/wii/libwiiuse.a(nunchuk.o)
                              /opt/devkitpro/libogc/lib/wii/libwiiuse.a(io.o) (nunchuk_handshake)
/opt/devkitpro/libogc/lib/wii/libwiiuse.a(wiiboard.o)
                              /opt/devkitpro/libogc/lib/wii/libwiiuse.a(io.o) (wii_board_handshake)
/opt/devkitpro/libogc/lib/wii/libwiiuse.a(wiiuse.o)
                              /opt/devkitpro/libogc/lib/wii/libwiiuse.a(wpad.o) (wiiuse_init)
/opt/devkitpro/libogc/lib/wii/libwiiuse.a(speaker.o)
                              /opt/devkitpro/libogc/lib/wii/libwiiuse.a(wpad.o) (wencdata)
/opt/devkitpro/libogc/lib/wii/libwiiuse.a(classic.o)
                              /opt/devkitpro/libogc/lib/wii/libwiiuse.a(io.o) (classic_ctrl_handshake)
/opt/devkitpro/libogc/lib/wii/libwiiuse.a(events.o)
                              /opt/devkitpro/libogc/lib/wii/libwiiuse.a(io_wii.o) (parse_event)
/opt/devkitpro/libogc/lib/wii/libwiiuse.a(guitar_hero_3.o)
                              /opt/devkitpro/libogc/lib/wii/libwiiuse.a(io.o) (guitar_hero_3_handshake)
/opt/devkitpro/libogc/lib/wii/libbte.a(bte.o)
                              /opt/devkitpro/libogc/lib/wii/libwiiuse.a(wpad.o) (BTE_Init)
/opt/devkitpro/libogc/lib/wii/libbte.a(hci.o)
                              /opt/devkitpro/libogc/lib/wii/libbte.a(bte.o) (hci_init)
/opt/devkitpro/libogc/lib/wii/libbte.a(l2cap.o)
                              /opt/devkitpro/libogc/lib/wii/libbte.a(bte.o) (l2cap_init)
/opt/devkitpro/libogc/lib/wii/libbte.a(btmemb.o)
                              /opt/devkitpro/libogc/lib/wii/libbte.a(bte.o) (btmemb_init)
/opt/devkitpro/libogc/lib/wii/libbte.a(btmemr.o)
                              /opt/devkitpro/libogc/lib/wii/libbte.a(hci.o) (btmemr_init)
/opt/devkitpro/libogc/lib/wii/libbte.a(btpbuf.o)
                              /opt/devkitpro/libogc/lib/wii/libbte.a(hci.o) (btpbuf_init)
/opt/devkitpro/libogc/lib/wii/libbte.a(physbusif.o)
                              /opt/devkitpro/libogc/lib/wii/libbte.a(bte.o) (physbusif_init)
/opt/devkitpro/libogc/lib/wii/libogc.a(console.o)
                              template.o (CON_Init)
/opt/devkitpro/libogc/lib/wii/libogc.a(lwp_queue.o)
                              /opt/devkitpro/libogc/lib/wii/libwiiuse.a(io_wii.o) (__lwp_queue_initialize)
/opt/devkitpro/libogc/lib/wii/libogc.a(lwp_threads.o)
                              /opt/devkitpro/libogc/lib/wii/libwiiuse.a(wpad.o) (_thread_dispatch_disable_level)
/opt/devkitpro/libogc/lib/wii/libogc.a(lwp.o)
                              /opt/devkitpro/libogc/lib/wii/libbte.a(bte.o) (LWP_InitQueue)
/opt/devkitpro/libogc/lib/wii/libogc.a(lwp_handler.o)
                              /opt/devkitpro/libogc/lib/wii/libogc.a(lwp_threads.o) (_cpu_context_save_fp)
/opt/devkitpro/libogc/lib/wii/libogc.a(lwp_stack.o)
                              /opt/devkitpro/libogc/lib/wii/libogc.a(lwp_threads.o) (__lwp_stack_allocate)
/opt/devkitpro/libogc/lib/wii/libogc.a(lwp_watchdog.o)
                              /opt/devkitpro/libogc/lib/wii/libogc.a(lwp_threads.o) (_wd_ticks_queue)
/opt/devkitpro/libogc/lib/wii/libogc.a(lwp_wkspace.o)
                              /opt/devkitpro/libogc/lib/wii/libwiiuse.a(motion_plus.o) (__wkspace_heap)
/opt/devkitpro/libogc/lib/wii/libogc.a(lwp_objmgr.o)
                              /opt/devkitpro/libogc/lib/wii/libogc.a(lwp.o) (__lwp_objmgr_initinfo)
/opt/devkitpro/libogc/lib/wii/libogc.a(lwp_heap.o)
                              /opt/devkitpro/libogc/lib/wii/libogc.a(lwp_wkspace.o) (__lwp_heap_init)
/opt/devkitpro/libogc/lib/wii/libogc.a(sys_state.o)
                              /opt/devkitpro/libogc/lib/wii/libogc.a(lwp_threads.o) (_sys_state_curr)
/opt/devkitpro/libogc/lib/wii/libogc.a(irq.o)
                              /opt/devkitpro/libogc/lib/wii/libwiiuse.a(io_wii.o) (IRQ_Disable)
/opt/devkitpro/libogc/lib/wii/libogc.a(video.o)
                              /opt/devkitpro/libogc/lib/wii/libogc.a(console.o) (VIDEO_GetCurrentFramebuffer)
[...]
Memory Configuration

Name             Origin             Length             Attributes
*default*        0x0000000000000000 0xffffffffffffffff

Linker script and memory map

                0x0000000000003400                . = 0x3400

.stub
 *(.stub)
                0x0000000080004000                . = 0x80004000

.init           0x0000000080004000      0x194
 *crt0.o(*.init)
 .init          0x0000000080004000      0x170 /opt/devkitpro/libogc/lib/wii/libogc.a(ogc_crt0.o)
                0x0000000080004000                _start
                0x0000000080004140                _memset
 *(.init)
 .init          0x0000000080004170        0xc /opt/devkitpro/devkitPPC/lib/gcc/powerpc-eabi/8.4.0/ecrti.o
                0x0000000080004170                __init
 .init          0x000000008000417c        0x4 /opt/devkitpro/devkitPPC/lib/gcc/powerpc-eabi/8.4.0/crtbegin.o
 .init          0x0000000080004180        0x4 /opt/devkitpro/devkitPPC/lib/gcc/powerpc-eabi/8.4.0/crtend.o
 .init          0x0000000080004184       0x10 /opt/devkitpro/devkitPPC/lib/gcc/powerpc-eabi/8.4.0/ecrtn.o

.rela.dyn       0x0000000080004194        0x0
 .rela.iplt     0x0000000080004194        0x0 /opt/devkitpro/libogc/lib/wii/libbte.a(l2cap.o)

.plt
 *(.plt)

.interp
 *(.interp)

.hash
 *(.hash)

.dynsym
 *(.dynsym)

.dynstr
 *(.dynstr)

.gnu.version
 *(.gnu.version)

.gnu.version_d
 *(.gnu.version_d)

.gnu.version_r
 *(.gnu.version_r)

.rel.init
 *(.rel.init)

.rela.init      0x0000000080004194        0x0
 *(.rela.init)
 .rela.init     0x0000000080004194        0x0 /opt/devkitpro/libogc/lib/wii/libbte.a(l2cap.o)

.rel.text
 *(.rel.text .rel.text.* .rel.gnu.linkonce.t.*)

.rela.text      0x0000000080004194        0x0
 *(.rela.text .rela.text.* .rela.gnu.linkonce.t.*)
 .rela.text.deregister_tm_clones
                0x0000000080004194        0x0 /opt/devkitpro/libogc/lib/wii/libbte.a(l2cap.o)
 .rela.text.register_tm_clones
                0x0000000080004194        0x0 /opt/devkitpro/libogc/lib/wii/libbte.a(l2cap.o)
 .rela.text.__do_global_dtors_aux
                0x0000000080004194        0x0 /opt/devkitpro/libogc/lib/wii/libbte.a(l2cap.o)
 .rela.text.frame_dummy
                0x0000000080004194        0x0 /opt/devkitpro/libogc/lib/wii/libbte.a(l2cap.o)
 .rela.text.wiiuse_handshake
                0x0000000080004194        0x0 /opt/devkitpro/libogc/lib/wii/libbte.a(l2cap.o)
 .rela.text.wiiuse_handshake_expansion
                0x0000000080004194        0x0 /opt/devkitpro/libogc/lib/wii/libbte.a(l2cap.o)
 .rela.text.wiiuse_init_cmd_queue
                0x0000000080004194        0x0 /opt/devkitpro/libogc/lib/wii/libbte.a(l2cap.o)
 .rela.text.wiiuse_init
                0x0000000080004194        0x0 /opt/devkitpro/libogc/lib/wii/libbte.a(l2cap.o)
 .rela.text.__lwp_thread_tickle_timeslice
                0x0000000080004194        0x0 /opt/devkitpro/libogc/lib/wii/libbte.a(l2cap.o)
 .rela.text.__lwp_thread_setstate
                0x0000000080004194        0x0 /opt/devkitpro/libogc/lib/wii/libbte.a(l2cap.o)
 .rela.text.__lwp_thread_changepriority
                0x0000000080004194        0x0 /opt/devkitpro/libogc/lib/wii/libbte.a(l2cap.o)
 .rela.text.__lwp_thread_ready
                0x0000000080004194        0x0 /opt/devkitpro/libogc/lib/wii/libbte.a(l2cap.o)
 .rela.text.__lwp_thread_init
                0x0000000080004194        0x0 /opt/devkitpro/libogc/lib/wii/libbte.a(l2cap.o)
 .rela.text.__lwp_thread_close
                0x0000000080004194        0x0 /opt/devkitpro/libogc/lib/wii/libbte.a(l2cap.o)
 .rela.text.__lwp_thread_closeall
                0x0000000080004194        0x0 /opt/devkitpro/libogc/lib/wii/libbte.a(l2cap.o)
 .rela.text.__lwp_thread_startmultitasking
                0x0000000080004194        0x0 /opt/devkitpro/libogc/lib/wii/libbte.a(l2cap.o)
 .rela.text.__lwp_thread_stopmultitasking
                0x0000000080004194        0x0 /opt/devkitpro/libogc/lib/wii/libbte.a(l2cap.o)
 .rela.text.__lwp_thread_coreinit
                0x0000000080004194        0x0 /opt/devkitpro/libogc/lib/wii/libbte.a(l2cap.o)
 .rela.text.__lwp_sysinit
                0x0000000080004194        0x0 /opt/devkitpro/libogc/lib/wii/libbte.a(l2cap.o)
 .rela.text.LWP_InitQueue
                0x0000000080004194        0x0 /opt/devkitpro/libogc/lib/wii/libbte.a(l2cap.o)
 .rela.text.LWP_CloseQueue
                0x0000000080004194        0x0 /opt/devkitpro/libogc/lib/wii/libbte.a(l2cap.o)
 .rela.text.LWP_ThreadSleep
                0x0000000080004194        0x0 /opt/devkitpro/libogc/lib/wii/libbte.a(l2cap.o)
 .rela.text.LWP_ThreadBroadcast
                0x0000000080004194        0x0 /opt/devkitpro/libogc/lib/wii/libbte.a(l2cap.o)
 .rela.text.LWP_ThreadSignal
                0x0000000080004194        0x0 /opt/devkitpro/libogc/lib/wii/libbte.a(l2cap.o)
 .rela.text.__lwp_stack_allocate
                0x0000000080004194        0x0 /opt/devkitpro/libogc/lib/wii/libbte.a(l2cap.o)
 .rela.text.__lwp_stack_free
                0x0000000080004194        0x0 /opt/devkitpro/libogc/lib/wii/libbte.a(l2cap.o)
 .rela.text.__lwp_watchdog_init
                0x0000000080004194        0x0 /opt/devkitpro/libogc/lib/wii/libbte.a(l2cap.o)
 .rela.text.__lwp_wd_tickle
                0x0000000080004194        0x0 /opt/devkitpro/libogc/lib/wii/libbte.a(l2cap.o)
 .rela.text.__lwp_wkspace_init
                0x0000000080004194        0x0 /opt/devkitpro/libogc/lib/wii/libbte.a(l2cap.o)
 .rela.text.__lwp_objmgr_initinfo
                0x0000000080004194        0x0 /opt/devkitpro/libogc/lib/wii/libbte.a(l2cap.o)
 .rela.text.__irq_init
                0x0000000080004194        0x0 /opt/devkitpro/libogc/lib/wii/libbte.a(l2cap.o)
 .rela.text.__call_resetfuncs
                0x0000000080004194        0x0 /opt/devkitpro/libogc/lib/wii/libbte.a(l2cap.o)
 .rela.text.__unlocksram
                0x0000000080004194        0x0 /opt/devkitpro/libogc/lib/wii/libbte.a(l2cap.o)
 .rela.text.__sram_writecallback
                0x0000000080004194        0x0 /opt/devkitpro/libogc/lib/wii/libbte.a(l2cap.o)
 .rela.text.__sys_alarmhandler
                0x0000000080004194        0x0 /opt/devkitpro/libogc/lib/wii/libbte.a(l2cap.o)
 .rela.text.__sram_read.constprop.11
                0x0000000080004194        0x0 /opt/devkitpro/libogc/lib/wii/libbte.a(l2cap.o)
 .rela.text.SYS_Init
                0x0000000080004194        0x0 /opt/devkitpro/libogc/lib/wii/libbte.a(l2cap.o)
 .rela.text.SYS_SetAlarm
                0x0000000080004194        0x0 /opt/devkitpro/libogc/lib/wii/libbte.a(l2cap.o)
 .rela.text.SYS_SetPeriodicAlarm
                0x0000000080004194        0x0 /opt/devkitpro/libogc/lib/wii/libbte.a(l2cap.o)
 .rela.text.SYS_RemoveAlarm
                0x0000000080004194        0x0 /opt/devkitpro/libogc/lib/wii/libbte.a(l2cap.o)
 .rela.text.SYS_CancelAlarm
                0x0000000080004194        0x0 /opt/devkitpro/libogc/lib/wii/libbte.a(l2cap.o)
 .rela.text.SYS_SetWirelessID
                0x0000000080004194        0x0 /opt/devkitpro/libogc/lib/wii/libbte.a(l2cap.o)
 .rela.text.SYS_GetWirelessID
                0x0000000080004194        0x0 /opt/devkitpro/libogc/lib/wii/libbte.a(l2cap.o)
 .rela.text.__lwp_cond_init
                0x0000000080004194        0x0 /opt/devkitpro/libogc/lib/wii/libbte.a(l2cap.o)
 .rela.text.c_decrementer_handler
                0x0000000080004194        0x0 /opt/devkitpro/libogc/lib/wii/libbte.a(l2cap.o)
 .rela.text.__lwp_mqbox_init
                0x0000000080004194        0x0 /opt/devkitpro/libogc/lib/wii/libbte.a(l2cap.o)
 .rela.text.__ios_ioctlvformat_parse
                0x0000000080004194        0x0 /opt/devkitpro/libogc/lib/wii/libbte.a(l2cap.o)
 .rela.text.__ioctlvfmtCB
                0x0000000080004194        0x0 /opt/devkitpro/libogc/lib/wii/libbte.a(l2cap.o)
 .rela.text.IOS_IoctlvFormat
                0x0000000080004194        0x0 /opt/devkitpro/libogc/lib/wii/libbte.a(l2cap.o)
 .rela.text.__libogc_nanosleep
                0x0000000080004194        0x0 /opt/devkitpro/libogc/lib/wii/libbte.a(l2cap.o)
 .rela.text.__libc_delete_hook
                0x0000000080004194        0x0 /opt/devkitpro/libogc/lib/wii/libbte.a(l2cap.o)
 .rela.text.__libc_init
                0x0000000080004194        0x0 /opt/devkitpro/libogc/lib/wii/libbte.a(l2cap.o)
 .rela.text.__CheckARGV
                0x0000000080004194        0x0 /opt/devkitpro/libogc/lib/wii/libbte.a(l2cap.o)
 .rela.text.__lwp_priority_init
                0x0000000080004194        0x0 /opt/devkitpro/libogc/lib/wii/libbte.a(l2cap.o)
 .rela.text.__lwp_threadqueue_enqueuefifo
                0x0000000080004194        0x0 /opt/devkitpro/libogc/lib/wii/libbte.a(l2cap.o)
 .rela.text.__lwp_threadqueue_dequeuefifo
                0x0000000080004194        0x0 /opt/devkitpro/libogc/lib/wii/libbte.a(l2cap.o)
 .rela.text.__lwp_threadqueue_enqueuepriority
                0x0000000080004194        0x0 /opt/devkitpro/libogc/lib/wii/libbte.a(l2cap.o)
 .rela.text.__lwp_threadqueue_dequeuepriority
                0x0000000080004194        0x0 /opt/devkitpro/libogc/lib/wii/libbte.a(l2cap.o)
 .rela.text.__lwp_threadqueue_enqueue
                0x0000000080004194        0x0 /opt/devkitpro/libogc/lib/wii/libbte.a(l2cap.o)
 .rela.text.__lwp_threadqueue_extractfifo
                0x0000000080004194        0x0 /opt/devkitpro/libogc/lib/wii/libbte.a(l2cap.o)
 .rela.text.__lwp_threadqueue_extractpriority
                0x0000000080004194        0x0 /opt/devkitpro/libogc/lib/wii/libbte.a(l2cap.o)
 .rela.text.__exception_init
                0x0000000080004194        0x0 /opt/devkitpro/libogc/lib/wii/libbte.a(l2cap.o)
 .rela.text.__exception_close
                0x0000000080004194        0x0 /opt/devkitpro/libogc/lib/wii/libbte.a(l2cap.o)
 .rela.text     0x0000000080004194        0x0 /opt/devkitpro/libogc/lib/wii/libbte.a(l2cap.o)
 .rela.text.__lwp_sema_init
                0x0000000080004194        0x0 /opt/devkitpro/libogc/lib/wii/libbte.a(l2cap.o)
 .rela.text.__lwp_mutex_locksupp.constprop.8
                0x0000000080004194        0x0 /opt/devkitpro/libogc/lib/wii/libbte.a(l2cap.o)
 .rela.text.__lwp_mutex_init
                0x0000000080004194        0x0 /opt/devkitpro/libogc/lib/wii/libbte.a(l2cap.o)
 .rela.text.LWP_MutexInit
                0x0000000080004194        0x0 /opt/devkitpro/libogc/lib/wii/libbte.a(l2cap.o)
 .rela.text.LWP_MutexDestroy
                0x0000000080004194        0x0 /opt/devkitpro/libogc/lib/wii/libbte.a(l2cap.o)
 .rela.text.LWP_MutexUnlock
                0x0000000080004194        0x0 /opt/devkitpro/libogc/lib/wii/libbte.a(l2cap.o)
 .rela.text.__GX_InitRevBits
                0x0000000080004194        0x0 /opt/devkitpro/libogc/lib/wii/libbte.a(l2cap.o)
 .rela.text.__GX_CleanGPFifo
                0x0000000080004194        0x0 /opt/devkitpro/libogc/lib/wii/libbte.a(l2cap.o)
 .rela.text.__SetSURegs
                0x0000000080004194        0x0 /opt/devkitpro/libogc/lib/wii/libbte.a(l2cap.o)
 .rela.text.__GX_Abort
                0x0000000080004194        0x0 /opt/devkitpro/libogc/lib/wii/libbte.a(l2cap.o)
 .rela.text.__GX_SetDirtyState
                0x0000000080004194        0x0 /opt/devkitpro/libogc/lib/wii/libbte.a(l2cap.o)
 .rela.text.GX_Flush
                0x0000000080004194        0x0 /opt/devkitpro/libogc/lib/wii/libbte.a(l2cap.o)
 .rela.text.GX_AbortFrame
                0x0000000080004194        0x0 /opt/devkitpro/libogc/lib/wii/libbte.a(l2cap.o)
 .rela.text.kprintf
                0x0000000080004194        0x0 /opt/devkitpro/libogc/lib/wii/libbte.a(l2cap.o)

.rel.fini
 *(.rel.fini)

.rela.fini
 *(.rela.fini)

.rel.rodata
 *(.rel.rodata .rel.rodata.* .rel.gnu.linkonce.r.*)

.rela.rodata
 *(.rela.rodata .rela.rodata.* .rela.gnu.linkonce.r.*)

.rel.data
 *(.rel.data .rel.data.* .rel.gnu.linkonce.d.*)

.rela.data
 *(.rela.data .rela.data.* .rela.gnu.linkonce.d.*)

.rel.tdata
 *(.rel.tdata .rel.tdata.* .rel.gnu.linkonce.td.*)

.rela.tdata
 *(.rela.tdata .rela.tdata.* .rela.gnu.linkonce.td.*)

.rel.tbss
 *(.rel.tbss .rel.tbss.* .rel.gnu.linkonce.tb.*)

.rela.tbss
 *(.rela.tbss .rela.tbss.* .rela.gnu.linkonce.tb.*)

.rel.ctors
 *(.rel.ctors)

.rela.ctors
 *(.rela.ctors)

.rel.dtors
 *(.rel.dtors)

.rela.dtors
 *(.rela.dtors)

.rel.got
 *(.rel.got)

.rela.got
 *(.rela.got)

.rela.got1
 *(.rela.got1)

.rela.got2
 *(.rela.got2)

.rel.sdata
 *(.rel.sdata .rel.sdata.* .rel.gnu.linkonce.s.*)

.rela.sdata
 *(.rela.sdata .rela.sdata.* .rela.gnu.linkonce.s.*)

.rel.sbss
 *(.rel.sbss .rel.sbss.* .rel.gnu.linkonce.sb.*)

.rela.sbss
 *(.rela.sbss .rela.sbss.* .rel.gnu.linkonce.sb.*)

.rel.sdata2
 *(.rel.sdata2 .rel.sdata2.* .rel.gnu.linkonce.s2.*)

.rela.sdata2    0x0000000080004194        0x0
 *(.rela.sdata2 .rela.sdata2.* .rela.gnu.linkonce.s2.*)
 .rela.sdata2.__sys_inIPL
                0x0000000080004194        0x0 /opt/devkitpro/libogc/lib/wii/libbte.a(l2cap.o)

.rel.sbss2
 *(.rel.sbss2 .rel.sbss2.* .rel.gnu.linkonce.sb2.*)

.rela.sbss2
 *(.rela.sbss2 .rela.sbss2.* .rela.gnu.linkonce.sb2.*)

.rel.bss
 *(.rel.bss .rel.bss.* .rel.gnu.linkonce.b.*)

.rela.bss
 *(.rela.bss .rela.bss.* .rela.gnu.linkonce.b.*)

.rel.plt
 *(.rel.plt)

.rela.plt
 *(.rela.plt)

.text           0x00000000800041a0    0x3a2e0
 *(.text)
 .text          0x00000000800041a0      0x44c /opt/devkitpro/libogc/lib/wii/libogc.a(lwp_handler.o)
                0x00000000800041a0                _cpu_context_save_fp
                0x00000000800042e0                _cpu_context_restore_fp
                0x0000000080004420                _cpu_context_switch
                0x0000000080004500                _cpu_context_save
                0x0000000080004580                _cpu_context_restore
 .text          0x00000000800045ec      0x4f4 /opt/devkitpro/libogc/lib/wii/libogc.a(cache_asm.o)
                0x00000000800045ec                DCFlashInvalidate
                0x0000000080004600                DCEnable
                0x0000000080004614                DCDisable
                0x0000000080004628                DCFreeze
                0x000000008000463c                DCUnfreeze
                0x0000000080004650                DCTouchLoad
                0x0000000080004658                DCBlockZero
                0x0000000080004660                DCBlockStore
                0x0000000080004668                DCBlockFlush
                0x0000000080004670                DCBlockInvalidate
                0x0000000080004678                DCInvalidateRange
                0x00000000800046a8                DCFlushRange
                0x00000000800046dc                DCStoreRange
                0x0000000080004710                DCFlushRangeNoSync
                0x0000000080004740                DCStoreRangeNoSync
                0x0000000080004770                DCZeroRange
                0x00000000800047a0                DCTouchRange
                0x00000000800047d0                ICInvalidateRange
                0x0000000080004808                ICFlashInvalidate
                0x000000008000481c                ICEnable
                0x0000000080004830                ICDisable
                0x0000000080004844                ICFreeze
                0x0000000080004858                ICUnfreeze
                0x000000008000486c                ICBlockInvalidate
                0x0000000080004874                ICSync
                0x000000008000487c                L2Init
                0x00000000800048c4                L2Enable
                0x00000000800048e0                L2Disable
                0x00000000800048f8                L2GlobalInvalidate
                0x0000000080004950                __LCEnable
                0x0000000080004a1c                LCDisable
                0x0000000080004a44                LCAllocOneTag
                0x0000000080004a58                LCAllocTags
                0x0000000080004a98                LCLoadBlocks
                0x0000000080004abc                LCStoreBlocks
 .text          0x0000000080004ae0      0x4a0 /opt/devkitpro/libogc/lib/wii/libogc.a(system_asm.o)
                0x0000000080004ae0                __realmode
                0x0000000080004af8                __configBATS
                0x0000000080004c28                __InitFPRS
                0x0000000080004d54                __InitPS
                0x0000000080004db0                __InitCache
                0x0000000080004e08                __InitSystem
                0x0000000080004e90                __flush_cache
                0x0000000080004ec4                __reset
                0x0000000080004f34                __InitBATS
                0x0000000080004f50                SYS_SwitchFiber
 .text          0x0000000080004f80      0x1ac /opt/devkitpro/libogc/lib/wii/libogc.a(irq_handler.o)
                0x0000000080004f80                irq_exceptionhandler
 .text          0x000000008000512c      0x1ac /opt/devkitpro/libogc/lib/wii/libogc.a(decrementer_handler.o)
                0x000000008000512c                dec_exceptionhandler
 .text          0x00000000800052d8      0x35c /opt/devkitpro/libogc/lib/wii/libogc.a(exception_handler.o)
                0x00000000800052d8                exceptionhandler_start
                0x0000000080005354                exceptionhandler_patch
                0x0000000080005388                exceptionhandler_end
                0x000000008000538c                default_exceptionhandler
                0x00000000800054bc                fpu_exceptionhandler
                0x0000000080005604                systemcallhandler_start
                0x0000000080005630                systemcallhandler_end
 .text          0x0000000080005634       0x48 /opt/devkitpro/devkitPPC/lib/gcc/powerpc-eabi/8.4.0/libgcc.a(eabi.o)
                0x0000000080005634                __eabi
 *(.text.*)
 .text.deregister_tm_clones
                0x000000008000567c       0x30 /opt/devkitpro/devkitPPC/lib/gcc/powerpc-eabi/8.4.0/crtbegin.o
 .text.register_tm_clones
                0x00000000800056ac       0x3c /opt/devkitpro/devkitPPC/lib/gcc/powerpc-eabi/8.4.0/crtbegin.o
 .text.__do_global_dtors_aux
                0x00000000800056e8       0xd0 /opt/devkitpro/devkitPPC/lib/gcc/powerpc-eabi/8.4.0/crtbegin.o
 .text.frame_dummy
                0x00000000800057b8       0x44 /opt/devkitpro/devkitPPC/lib/gcc/powerpc-eabi/8.4.0/crtbegin.o
 .text.__crtmain
                0x00000000800057fc       0x44 /opt/devkitpro/devkitPPC/lib/gcc/powerpc-eabi/8.4.0/../../../../powerpc-eabi/lib/crtmain.o
                0x0000000080005800                __crtmain
 .text.wii_init
                0x0000000080005840       0xc8 template.o
                0x0000000080005840                wii_init
 .text.GetSysMenuVersion
                0x0000000080005908       0xb8 template.o
                0x0000000080005908                GetSysMenuVersion
 .text.GetSysMenuRegion
                0x00000000800059c0      0x2d0 template.o
                0x00000000800059c0                GetSysMenuRegion
 .text.GetSysMenuNintendoVersion
                0x0000000080005c90      0x200 template.o
                0x0000000080005c90                GetSysMenuNintendoVersion
 .text.startup.main
                0x0000000080005e90      0x498 template.o
                0x0000000080005e90                main
 .text.__wpad_assign_slot
                0x0000000080006328      0x210 /opt/devkitpro/libogc/lib/wii/libwiiuse.a(wpad.o)
                0x0000000080006328                __wpad_assign_slot
 .text.__wpad_def_powcb
                0x0000000080006538        0x4 /opt/devkitpro/libogc/lib/wii/libwiiuse.a(wpad.o)
 .text.__wpad_disconnect
                0x000000008000653c       0x44 /opt/devkitpro/libogc/lib/wii/libwiiuse.a(wpad.o)
 .text.__readlinkkey_finished
                0x0000000080006580       0x34 /opt/devkitpro/libogc/lib/wii/libwiiuse.a(wpad.o)
 .text.__wpad_patch_finished
                0x00000000800065b4       0x2c /opt/devkitpro/libogc/lib/wii/libwiiuse.a(wpad.o)
 .text.__wpad_setfmt
                0x00000000800065e0      0x158 /opt/devkitpro/libogc/lib/wii/libwiiuse.a(wpad.o)
 .text.__wpad_eventCB
                0x0000000080006738      0xa1c /opt/devkitpro/libogc/lib/wii/libwiiuse.a(wpad.o)
 .text.__wpad_disconnectCB
                0x0000000080007154       0xcc /opt/devkitpro/libogc/lib/wii/libwiiuse.a(wpad.o)
                0x0000000080007154                __wpad_disconnectCB
 .text.__wpad_timeouthandler
                0x0000000080007220       0xb0 /opt/devkitpro/libogc/lib/wii/libwiiuse.a(wpad.o)
 .text.__initcore_finished
                0x00000000800072d0       0x48 /opt/devkitpro/libogc/lib/wii/libwiiuse.a(wpad.o)
 .text.__wpad_init_finished
                0x0000000080007318      0x1ac /opt/devkitpro/libogc/lib/wii/libwiiuse.a(wpad.o)
 .text.WPAD_ReadEvent
                0x00000000800074c4      0x690 /opt/devkitpro/libogc/lib/wii/libwiiuse.a(wpad.o)
                0x00000000800074c4                WPAD_ReadEvent
 .text.WPAD_ReadPending
                0x0000000080007b54      0x148 /opt/devkitpro/libogc/lib/wii/libwiiuse.a(wpad.o)
                0x0000000080007b54                WPAD_ReadPending
 .text.WPAD_ReadPending.part.5
                0x0000000080007c9c       0x68 /opt/devkitpro/libogc/lib/wii/libwiiuse.a(wpad.o)
 .text.WPAD_Shutdown
                0x0000000080007d04       0xc8 /opt/devkitpro/libogc/lib/wii/libwiiuse.a(wpad.o)
                0x0000000080007d04                WPAD_Shutdown
 .text.WPAD_Init
                0x0000000080007dcc      0x2c4 /opt/devkitpro/libogc/lib/wii/libwiiuse.a(wpad.o)
                0x0000000080007dcc                WPAD_Init
 .text.__wpad_onreset
                0x0000000080008090       0x34 /opt/devkitpro/libogc/lib/wii/libwiiuse.a(wpad.o)
 .text.WPAD_ScanPads
                0x00000000800080c4        0x8 /opt/devkitpro/libogc/lib/wii/libwiiuse.a(wpad.o)
                0x00000000800080c4                WPAD_ScanPads
 .text.WPAD_ButtonsDown
                0x00000000800080cc       0x28 /opt/devkitpro/libogc/lib/wii/libwiiuse.a(wpad.o)
                0x00000000800080cc                WPAD_ButtonsDown
 .text.motion_plus_disconnected
                0x00000000800080f4       0x10 /opt/devkitpro/libogc/lib/wii/libwiiuse.a(motion_plus.o)
                0x00000000800080f4                motion_plus_disconnected
 .text.motion_plus_event
                0x0000000080008104       0x64 /opt/devkitpro/libogc/lib/wii/libwiiuse.a(motion_plus.o)
                0x0000000080008104                motion_plus_event
 .text.apply_smoothing.part.0
                0x0000000080008168       0xa0 /opt/devkitpro/libogc/lib/wii/libwiiuse.a(dynamics.o)
 .text.calculate_gforce
                0x0000000080008208      0x114 /opt/devkitpro/libogc/lib/wii/libwiiuse.a(dynamics.o)
                0x0000000080008208                calculate_gforce
 .text.calc_joystick_state
                0x000000008000831c      0x20c /opt/devkitpro/libogc/lib/wii/libwiiuse.a(dynamics.o)
                0x000000008000831c                calc_joystick_state
 .text.apply_smoothing
                0x0000000080008528       0xa4 /opt/devkitpro/libogc/lib/wii/libwiiuse.a(dynamics.o)
                0x0000000080008528                apply_smoothing
 .text.calculate_orientation
                0x00000000800085cc      0x31c /opt/devkitpro/libogc/lib/wii/libwiiuse.a(dynamics.o)
                0x00000000800085cc                calculate_orientation
 .text.calc_balanceboard_state
                0x00000000800088e8      0x394 /opt/devkitpro/libogc/lib/wii/libwiiuse.a(dynamics.o)
                0x00000000800088e8                calc_balanceboard_state
 .text.wiiuse_handshake
                0x0000000080008c7c      0x278 /opt/devkitpro/libogc/lib/wii/libwiiuse.a(io.o)
                0x0000000080008c7c                wiiuse_handshake
 .text.wiiuse_handshake_expansion
                0x0000000080008ef4      0x21c /opt/devkitpro/libogc/lib/wii/libwiiuse.a(io.o)
                0x0000000080008ef4                wiiuse_handshake_expansion
 .text.wiiuse_handshake_expansion_start
                0x0000000080009110       0x24 /opt/devkitpro/libogc/lib/wii/libwiiuse.a(io.o)
                0x0000000080009110                wiiuse_handshake_expansion_start
 .text.wiiuse_disable_expansion
                0x0000000080009134      0x1b0 /opt/devkitpro/libogc/lib/wii/libwiiuse.a(io.o)
                0x0000000080009134                wiiuse_disable_expansion
 .text.__wiiuse_connected
                0x00000000800092e4       0x9c /opt/devkitpro/libogc/lib/wii/libwiiuse.a(io_wii.o)
 .text.__wiiuse_disconnected
                0x0000000080009380       0xb4 /opt/devkitpro/libogc/lib/wii/libwiiuse.a(io_wii.o)
 .text.__wiiuse_receive
                0x0000000080009434       0xd0 /opt/devkitpro/libogc/lib/wii/libwiiuse.a(io_wii.o)
 .text.__wiiuse_sensorbar_enable
                0x0000000080009504       0x54 /opt/devkitpro/libogc/lib/wii/libwiiuse.a(io_wii.o)
                0x0000000080009504                __wiiuse_sensorbar_enable
 .text.wiiuse_register
                0x0000000080009558       0xe4 /opt/devkitpro/libogc/lib/wii/libwiiuse.a(io_wii.o)
                0x0000000080009558                wiiuse_register
 .text.wiiuse_disconnect
                0x000000008000963c       0x24 /opt/devkitpro/libogc/lib/wii/libwiiuse.a(io_wii.o)
                0x000000008000963c                wiiuse_disconnect
 .text.wiiuse_init_cmd_queue
                0x0000000080009660       0x9c /opt/devkitpro/libogc/lib/wii/libwiiuse.a(io_wii.o)
                0x0000000080009660                wiiuse_init_cmd_queue
 .text.wiiuse_io_write
                0x00000000800096fc       0x1c /opt/devkitpro/libogc/lib/wii/libwiiuse.a(io_wii.o)
                0x00000000800096fc                wiiuse_io_write
 .text.get_ir_sens.isra.0
                0x0000000080009718       0xe4 /opt/devkitpro/libogc/lib/wii/libwiiuse.a(ir.o)
 .text.rotate_dots
                0x00000000800097fc      0x114 /opt/devkitpro/libogc/lib/wii/libwiiuse.a(ir.o)
 .text.wiiuse_set_ir_mode
                0x0000000080009910       0x88 /opt/devkitpro/libogc/lib/wii/libwiiuse.a(ir.o)
                0x0000000080009910                wiiuse_set_ir_mode
 .text.wiiuse_set_ir
                0x0000000080009998      0x1f0 /opt/devkitpro/libogc/lib/wii/libwiiuse.a(ir.o)
                0x0000000080009998                wiiuse_set_ir
 .text.wiiuse_set_ir_position
                0x0000000080009b88       0x80 /opt/devkitpro/libogc/lib/wii/libwiiuse.a(ir.o)
                0x0000000080009b88                wiiuse_set_ir_position
 .text.wiiuse_set_aspect_ratio
                0x0000000080009c08       0x44 /opt/devkitpro/libogc/lib/wii/libwiiuse.a(ir.o)
                0x0000000080009c08                wiiuse_set_aspect_ratio
 .text.wiiuse_set_ir_sensitivity
                0x0000000080009c4c       0xf4 /opt/devkitpro/libogc/lib/wii/libwiiuse.a(ir.o)
                0x0000000080009c4c                wiiuse_set_ir_sensitivity
 .text.calculate_basic_ir
                0x0000000080009d40       0xf8 /opt/devkitpro/libogc/lib/wii/libwiiuse.a(ir.o)
                0x0000000080009d40                calculate_basic_ir
 .text.calculate_extended_ir
                0x0000000080009e38       0x64 /opt/devkitpro/libogc/lib/wii/libwiiuse.a(ir.o)
                0x0000000080009e38                calculate_extended_ir
 .text.find_sensorbar
                0x0000000080009e9c      0x9e0 /opt/devkitpro/libogc/lib/wii/libwiiuse.a(ir.o)
                0x0000000080009e9c                find_sensorbar
 .text.apply_ir_smoothing
                0x000000008000a87c      0x100 /opt/devkitpro/libogc/lib/wii/libwiiuse.a(ir.o)
                0x000000008000a87c                apply_ir_smoothing
 .text.interpret_ir_data
                0x000000008000a97c      0x3b0 /opt/devkitpro/libogc/lib/wii/libwiiuse.a(ir.o)
                0x000000008000a97c                interpret_ir_data
 .text.nunchuk_handshake
                0x000000008000ad2c      0x2d0 /opt/devkitpro/libogc/lib/wii/libwiiuse.a(nunchuk.o)
                0x000000008000ad2c                nunchuk_handshake
 .text.nunchuk_disconnected
                0x000000008000affc        0xc /opt/devkitpro/libogc/lib/wii/libwiiuse.a(nunchuk.o)
                0x000000008000affc                nunchuk_disconnected
 .text.nunchuk_event
                0x000000008000b008       0xe4 /opt/devkitpro/libogc/lib/wii/libwiiuse.a(nunchuk.o)
                0x000000008000b008                nunchuk_event
 .text.wii_board_handshake
                0x000000008000b0ec      0x2c0 /opt/devkitpro/libogc/lib/wii/libwiiuse.a(wiiboard.o)
                0x000000008000b0ec                wii_board_handshake
 .text.wii_board_disconnected
                0x000000008000b3ac        0xc /opt/devkitpro/libogc/lib/wii/libwiiuse.a(wiiboard.o)
                0x000000008000b3ac                wii_board_disconnected
 .text.wii_board_event
                0x000000008000b3b8       0x54 /opt/devkitpro/libogc/lib/wii/libwiiuse.a(wiiboard.o)
                0x000000008000b3b8                wii_board_event
 .text.wiiuse_send_next_command.part.0
                0x000000008000b40c       0x44 /opt/devkitpro/libogc/lib/wii/libwiiuse.a(wiiuse.o)
 .text.wiiuse_send_next_command
                0x000000008000b450       0x18 /opt/devkitpro/libogc/lib/wii/libwiiuse.a(wiiuse.o)
                0x000000008000b450                wiiuse_send_next_command
 .text.wiiuse_init
                0x000000008000b468      0x208 /opt/devkitpro/libogc/lib/wii/libwiiuse.a(wiiuse.o)
                0x000000008000b468                wiiuse_init
 .text.wiiuse_set_flags
                0x000000008000b670       0x2c /opt/devkitpro/libogc/lib/wii/libwiiuse.a(wiiuse.o)
                0x000000008000b670                wiiuse_set_flags
 .text.wiiuse_read_data
                0x000000008000b69c      0x14c /opt/devkitpro/libogc/lib/wii/libwiiuse.a(wiiuse.o)
                0x000000008000b69c                wiiuse_read_data
 .text.wiiuse_write_data
                0x000000008000b7e8      0x180 /opt/devkitpro/libogc/lib/wii/libwiiuse.a(wiiuse.o)
                0x000000008000b7e8                wiiuse_write_data
 .text.wiiuse_sendcmd
                0x000000008000b968      0x17c /opt/devkitpro/libogc/lib/wii/libwiiuse.a(wiiuse.o)
                0x000000008000b968                wiiuse_sendcmd
 .text.wiiuse_set_report_type
                0x000000008000bae4      0x144 /opt/devkitpro/libogc/lib/wii/libwiiuse.a(wiiuse.o)
                0x000000008000bae4                wiiuse_set_report_type
 .text.wiiuse_motion_sensing
                0x000000008000bc28       0x84 /opt/devkitpro/libogc/lib/wii/libwiiuse.a(wiiuse.o)
                0x000000008000bc28                wiiuse_motion_sensing
 .text.wiiuse_status
                0x000000008000bcac       0x4c /opt/devkitpro/libogc/lib/wii/libwiiuse.a(wiiuse.o)
                0x000000008000bcac                wiiuse_status
 .text.wiiuse_set_leds
                0x000000008000bcf8       0x50 /opt/devkitpro/libogc/lib/wii/libwiiuse.a(wiiuse.o)
                0x000000008000bcf8                wiiuse_set_leds
 .text.wiiuse_set_speaker
                0x000000008000bd48      0x230 /opt/devkitpro/libogc/lib/wii/libwiiuse.a(speaker.o)
                0x000000008000bd48                wiiuse_set_speaker
 .text.classic_ctrl_handshake
                0x000000008000bf78      0x304 /opt/devkitpro/libogc/lib/wii/libwiiuse.a(classic.o)
                0x000000008000bf78                classic_ctrl_handshake
 .text.classic_ctrl_disconnected
                0x000000008000c27c        0xc /opt/devkitpro/libogc/lib/wii/libwiiuse.a(classic.o)
                0x000000008000c27c                classic_ctrl_disconnected
 .text.classic_ctrl_event
                0x000000008000c288      0x16c /opt/devkitpro/libogc/lib/wii/libwiiuse.a(classic.o)
                0x000000008000c288                classic_ctrl_event
 .text.handle_expansion
                0x000000008000c3f4       0x54 /opt/devkitpro/libogc/lib/wii/libwiiuse.a(events.o)
 .text.parse_event
                0x000000008000c448      0x748 /opt/devkitpro/libogc/lib/wii/libwiiuse.a(events.o)
                0x000000008000c448                parse_event
 .text.guitar_hero_3_handshake
                0x000000008000cb90       0x5c /opt/devkitpro/libogc/lib/wii/libwiiuse.a(guitar_hero_3.o)
                0x000000008000cb90                guitar_hero_3_handshake
 .text.guitar_hero_3_disconnected
                0x000000008000cbec        0xc /opt/devkitpro/libogc/lib/wii/libwiiuse.a(guitar_hero_3.o)
                0x000000008000cbec                guitar_hero_3_disconnected
 .text.guitar_hero_3_event
                0x000000008000cbf8       0x6c /opt/devkitpro/libogc/lib/wii/libwiiuse.a(guitar_hero_3.o)
                0x000000008000cbf8                guitar_hero_3_event
 .text.acl_wlp_completed
                0x000000008000cc64        0x8 /opt/devkitpro/libogc/lib/wii/libbte.a(bte.o)
                0x000000008000cc64                acl_wlp_completed
 .text.bt_alarmhandler
                0x000000008000cc6c       0x60 /opt/devkitpro/libogc/lib/wii/libbte.a(bte.o)
 .text.__bte_send_pending_request
                0x000000008000cccc      0x104 /opt/devkitpro/libogc/lib/wii/libbte.a(bte.o)
 .text.acl_conn_complete
                0x000000008000cdd0       0x2c /opt/devkitpro/libogc/lib/wii/libbte.a(bte.o)
                0x000000008000cdd0                acl_conn_complete
 .text.bte_process_input
                0x000000008000cdfc      0x148 /opt/devkitpro/libogc/lib/wii/libbte.a(bte.o)
 .text.l2cap_disconnect_cfm
                0x000000008000cf44      0x19c /opt/devkitpro/libogc/lib/wii/libbte.a(bte.o)
                0x000000008000cf44                l2cap_disconnect_cfm
 .text.l2cap_accepted
                0x000000008000d0e0      0x128 /opt/devkitpro/libogc/lib/wii/libbte.a(bte.o)
                0x000000008000d0e0                l2cap_accepted
 .text.l2cap_disconnected_ind
                0x000000008000d208      0x1a4 /opt/devkitpro/libogc/lib/wii/libbte.a(bte.o)
                0x000000008000d208                l2cap_disconnected_ind
 .text.__bte_shutdown_finished
                0x000000008000d3ac       0xd0 /opt/devkitpro/libogc/lib/wii/libbte.a(bte.o)
 .text.bte_hci_apply_patch_complete
                0x000000008000d47c      0x160 /opt/devkitpro/libogc/lib/wii/libbte.a(bte.o)
                0x000000008000d47c                bte_hci_apply_patch_complete
 .text.bte_hci_patch_complete
                0x000000008000d5dc      0x378 /opt/devkitpro/libogc/lib/wii/libbte.a(bte.o)
                0x000000008000d5dc                bte_hci_patch_complete
 .text.bte_hci_initcore_complete
                0x000000008000d954      0x28c /opt/devkitpro/libogc/lib/wii/libbte.a(bte.o)
                0x000000008000d954                bte_hci_initcore_complete
 .text.bte_read_stored_link_key_complete
                0x000000008000dbe0      0x26c /opt/devkitpro/libogc/lib/wii/libbte.a(bte.o)
                0x000000008000dbe0                bte_read_stored_link_key_complete
 .text.bte_hci_initcore_complete2
                0x000000008000de4c      0x244 /opt/devkitpro/libogc/lib/wii/libbte.a(bte.o)
 .text.bte_hci_initsub_complete
                0x000000008000e090      0x2b8 /opt/devkitpro/libogc/lib/wii/libbte.a(bte.o)
                0x000000008000e090                bte_hci_initsub_complete
 .text.BTE_Init
                0x000000008000e348      0x138 /opt/devkitpro/libogc/lib/wii/libbte.a(bte.o)
                0x000000008000e348                BTE_Init
 .text.BTE_Shutdown
                0x000000008000e480      0x100 /opt/devkitpro/libogc/lib/wii/libbte.a(bte.o)
                0x000000008000e480                BTE_Shutdown
 .text.BTE_InitCore
                0x000000008000e580       0x90 /opt/devkitpro/libogc/lib/wii/libbte.a(bte.o)
                0x000000008000e580                BTE_InitCore
 .text.BTE_ApplyPatch
                0x000000008000e610       0xa8 /opt/devkitpro/libogc/lib/wii/libbte.a(bte.o)
                0x000000008000e610                BTE_ApplyPatch
 .text.BTE_InitSub
                0x000000008000e6b8       0x94 /opt/devkitpro/libogc/lib/wii/libbte.a(bte.o)
                0x000000008000e6b8                BTE_InitSub
 .text.BTE_ReadStoredLinkKey
                0x000000008000e74c       0x94 /opt/devkitpro/libogc/lib/wii/libbte.a(bte.o)
                0x000000008000e74c                BTE_ReadStoredLinkKey
 .text.BTE_SetDisconnectCallback
                0x000000008000e7e0        0x4 /opt/devkitpro/libogc/lib/wii/libbte.a(bte.o)
                0x000000008000e7e0                BTE_SetDisconnectCallback
 .text.bte_new  0x000000008000e7e4       0x54 /opt/devkitpro/libogc/lib/wii/libbte.a(bte.o)
                0x000000008000e7e4                bte_new
 .text.bte_registerdeviceasync
                0x000000008000e838      0x15c /opt/devkitpro/libogc/lib/wii/libbte.a(bte.o)
                0x000000008000e838                bte_registerdeviceasync
 .text.bte_disconnect
                0x000000008000e994       0xd8 /opt/devkitpro/libogc/lib/wii/libbte.a(bte.o)
                0x000000008000e994                bte_disconnect
 .text.bte_senddata
                0x000000008000ea6c       0xdc /opt/devkitpro/libogc/lib/wii/libbte.a(bte.o)
                0x000000008000ea6c                bte_senddata
 .text.bte_arg  0x000000008000eb48       0x38 /opt/devkitpro/libogc/lib/wii/libbte.a(bte.o)
                0x000000008000eb48                bte_arg
 .text.bte_received
                0x000000008000eb80       0x38 /opt/devkitpro/libogc/lib/wii/libbte.a(bte.o)
                0x000000008000eb80                bte_received
 .text.bte_disconnected
                0x000000008000ebb8       0x38 /opt/devkitpro/libogc/lib/wii/libbte.a(bte.o)
                0x000000008000ebb8                bte_disconnected
 .text.hci_get_link
                0x000000008000ebf0       0x84 /opt/devkitpro/libogc/lib/wii/libbte.a(hci.o)
 .text.hci_init
                0x000000008000ec74       0x7c /opt/devkitpro/libogc/lib/wii/libbte.a(hci.o)
                0x000000008000ec74                hci_init
 .text.hci_new  0x000000008000ecf0       0x48 /opt/devkitpro/libogc/lib/wii/libbte.a(hci.o)
                0x000000008000ecf0                hci_new
 .text.hci_close
                0x000000008000ed38       0xd0 /opt/devkitpro/libogc/lib/wii/libbte.a(hci.o)
                0x000000008000ed38                hci_close
 .text.hci_reset_all
                0x000000008000ee08       0xbc /opt/devkitpro/libogc/lib/wii/libbte.a(hci.o)
                0x000000008000ee08                hci_reset_all
 .text.hci_arg  0x000000008000eec4        0xc /opt/devkitpro/libogc/lib/wii/libbte.a(hci.o)
                0x000000008000eec4                hci_arg
 .text.hci_cmd_complete
                0x000000008000eed0        0xc /opt/devkitpro/libogc/lib/wii/libbte.a(hci.o)
                0x000000008000eed0                hci_cmd_complete
 .text.hci_connection_complete
                0x000000008000eedc        0xc /opt/devkitpro/libogc/lib/wii/libbte.a(hci.o)
                0x000000008000eedc                hci_connection_complete
 .text.hci_wlp_complete
                0x000000008000eee8        0xc /opt/devkitpro/libogc/lib/wii/libbte.a(hci.o)
                0x000000008000eee8                hci_wlp_complete
 .text.hci_reset
                0x000000008000eef4       0xa8 /opt/devkitpro/libogc/lib/wii/libbte.a(hci.o)
                0x000000008000eef4                hci_reset
 .text.hci_read_buffer_size
                0x000000008000ef9c       0xa8 /opt/devkitpro/libogc/lib/wii/libbte.a(hci.o)
                0x000000008000ef9c                hci_read_buffer_size
 .text.hci_read_bd_addr
                0x000000008000f044       0xa8 /opt/devkitpro/libogc/lib/wii/libbte.a(hci.o)
                0x000000008000f044                hci_read_bd_addr
 .text.hci_read_local_version
                0x000000008000f0ec       0xa4 /opt/devkitpro/libogc/lib/wii/libbte.a(hci.o)
                0x000000008000f0ec                hci_read_local_version
 .text.hci_read_local_features
                0x000000008000f190       0xa8 /opt/devkitpro/libogc/lib/wii/libbte.a(hci.o)
                0x000000008000f190                hci_read_local_features
 .text.hci_read_stored_link_key
                0x000000008000f238       0xfc /opt/devkitpro/libogc/lib/wii/libbte.a(hci.o)
                0x000000008000f238                hci_read_stored_link_key
 .text.hci_write_page_timeout
                0x000000008000f334       0xcc /opt/devkitpro/libogc/lib/wii/libbte.a(hci.o)
                0x000000008000f334                hci_write_page_timeout
 .text.hci_write_scan_enable
                0x000000008000f400       0xb8 /opt/devkitpro/libogc/lib/wii/libbte.a(hci.o)
                0x000000008000f400                hci_write_scan_enable
 .text.hci_accecpt_conn_request
                0x000000008000f4b8       0xdc /opt/devkitpro/libogc/lib/wii/libbte.a(hci.o)
                0x000000008000f4b8                hci_accecpt_conn_request
 .text.hci_write_local_name
                0x000000008000f594       0xd4 /opt/devkitpro/libogc/lib/wii/libbte.a(hci.o)
                0x000000008000f594                hci_write_local_name
 .text.hci_write_pin_type
                0x000000008000f668       0xb8 /opt/devkitpro/libogc/lib/wii/libbte.a(hci.o)
                0x000000008000f668                hci_write_pin_type
 .text.hci_write_inquiry_mode
                0x000000008000f720       0xb8 /opt/devkitpro/libogc/lib/wii/libbte.a(hci.o)
                0x000000008000f720                hci_write_inquiry_mode
 .text.hci_write_page_scan_type
                0x000000008000f7d8       0xb8 /opt/devkitpro/libogc/lib/wii/libbte.a(hci.o)
                0x000000008000f7d8                hci_write_page_scan_type
 .text.hci_write_inquiry_scan_type
                0x000000008000f890       0xb8 /opt/devkitpro/libogc/lib/wii/libbte.a(hci.o)
                0x000000008000f890                hci_write_inquiry_scan_type
 .text.hci_vendor_specific_command
                0x000000008000f948       0xe4 /opt/devkitpro/libogc/lib/wii/libbte.a(hci.o)
                0x000000008000f948                hci_vendor_specific_command
 .text.hci_write_link_policy_settings
                0x000000008000fa2c      0x100 /opt/devkitpro/libogc/lib/wii/libbte.a(hci.o)
                0x000000008000fa2c                hci_write_link_policy_settings
 .text.hci_pin_code_request_neg_reply
                0x000000008000fb2c       0xc8 /opt/devkitpro/libogc/lib/wii/libbte.a(hci.o)
                0x000000008000fb2c                hci_pin_code_request_neg_reply
 .text.hci_link_key_req_neg_reply
                0x000000008000fbf4       0xc8 /opt/devkitpro/libogc/lib/wii/libbte.a(hci.o)
                0x000000008000fbf4                hci_link_key_req_neg_reply
 .text.hci_disconnect
                0x000000008000fcbc       0xf8 /opt/devkitpro/libogc/lib/wii/libbte.a(hci.o)
                0x000000008000fcbc                hci_disconnect
 .text.hci_write_cod
                0x000000008000fdb4       0xc8 /opt/devkitpro/libogc/lib/wii/libbte.a(hci.o)
                0x000000008000fdb4                hci_write_cod
 .text.hci_host_buffer_size
                0x000000008000fe7c      0x108 /opt/devkitpro/libogc/lib/wii/libbte.a(hci.o)
                0x000000008000fe7c                hci_host_buffer_size
 .text.hci_host_num_comp_packets
                0x000000008000ff84      0x104 /opt/devkitpro/libogc/lib/wii/libbte.a(hci.o)
                0x000000008000ff84                hci_host_num_comp_packets
 .text.lp_pdu_maxsize
                0x0000000080010088        0xc /opt/devkitpro/libogc/lib/wii/libbte.a(hci.o)
                0x0000000080010088                lp_pdu_maxsize
 .text.lp_acl_write
                0x0000000080010094      0x154 /opt/devkitpro/libogc/lib/wii/libbte.a(hci.o)
                0x0000000080010094                lp_acl_write
 .text.lp_write_flush_timeout
                0x00000000800101e8      0x100 /opt/devkitpro/libogc/lib/wii/libbte.a(hci.o)
                0x00000000800101e8                lp_write_flush_timeout
 .text.hci_event_handler
                0x00000000800102e8      0xbf4 /opt/devkitpro/libogc/lib/wii/libbte.a(hci.o)
                0x00000000800102e8                hci_event_handler
 .text.hci_acldata_handler
                0x0000000080010edc      0x12c /opt/devkitpro/libogc/lib/wii/libbte.a(hci.o)
                0x0000000080010edc                hci_acldata_handler
 .text.l2cap_init
                0x0000000080011008       0x60 /opt/devkitpro/libogc/lib/wii/libbte.a(l2cap.o)
                0x0000000080011008                l2cap_init
 .text.l2cap_write
                0x0000000080011068      0x1a8 /opt/devkitpro/libogc/lib/wii/libbte.a(l2cap.o)
                0x0000000080011068                l2cap_write
 .text.l2cap_new
                0x0000000080011210       0x6c /opt/devkitpro/libogc/lib/wii/libbte.a(l2cap.o)
                0x0000000080011210                l2cap_new
 .text.l2cap_close
                0x000000008001127c      0x1d4 /opt/devkitpro/libogc/lib/wii/libbte.a(l2cap.o)
                0x000000008001127c                l2cap_close
 .text.l2cap_reset_all
                0x0000000080011450      0x154 /opt/devkitpro/libogc/lib/wii/libbte.a(l2cap.o)
                0x0000000080011450                l2cap_reset_all
 .text.l2cap_signal
                0x00000000800115a4      0x210 /opt/devkitpro/libogc/lib/wii/libbte.a(l2cap.o)
                0x00000000800115a4                l2cap_signal
 .text.l2ca_config_req
                0x00000000800117b4      0x160 /opt/devkitpro/libogc/lib/wii/libbte.a(l2cap.o)
                0x00000000800117b4                l2ca_config_req
 .text.l2ca_disconnect_req
                0x0000000080011914       0xc4 /opt/devkitpro/libogc/lib/wii/libbte.a(l2cap.o)
                0x0000000080011914                l2ca_disconnect_req
 .text.l2cap_tmr
                0x00000000800119d8      0x284 /opt/devkitpro/libogc/lib/wii/libbte.a(l2cap.o)
                0x00000000800119d8                l2cap_tmr
 .text.l2cap_process_sig
                0x0000000080011c5c     0x11d4 /opt/devkitpro/libogc/lib/wii/libbte.a(l2cap.o)
                0x0000000080011c5c                l2cap_process_sig
 .text.l2cap_input
                0x0000000080012e30      0x5ac /opt/devkitpro/libogc/lib/wii/libbte.a(l2cap.o)
                0x0000000080012e30                l2cap_input
 .text.l2ca_datawrite
                0x00000000800133dc      0x118 /opt/devkitpro/libogc/lib/wii/libbte.a(l2cap.o)
                0x00000000800133dc                l2ca_datawrite
 .text.lp_connect_cfm
                0x00000000800134f4      0x184 /opt/devkitpro/libogc/lib/wii/libbte.a(l2cap.o)
                0x00000000800134f4                lp_connect_cfm
 .text.lp_connect_ind
                0x0000000080013678        0x4 /opt/devkitpro/libogc/lib/wii/libbte.a(l2cap.o)
                0x0000000080013678                lp_connect_ind
 .text.lp_disconnect_ind
                0x000000008001367c      0x12c /opt/devkitpro/libogc/lib/wii/libbte.a(l2cap.o)
                0x000000008001367c                lp_disconnect_ind
 .text.l2cap_disconnect_bb
                0x00000000800137a8       0x10 /opt/devkitpro/libogc/lib/wii/libbte.a(l2cap.o)
                0x00000000800137a8                l2cap_disconnect_bb
 .text.l2cap_arg
                0x00000000800137b8        0x8 /opt/devkitpro/libogc/lib/wii/libbte.a(l2cap.o)
                0x00000000800137b8                l2cap_arg
 .text.l2cap_connect_ind
                0x00000000800137c0      0x100 /opt/devkitpro/libogc/lib/wii/libbte.a(l2cap.o)
                0x00000000800137c0                l2cap_connect_ind
 .text.l2cap_disconnect_ind
                0x00000000800138c0        0x8 /opt/devkitpro/libogc/lib/wii/libbte.a(l2cap.o)
                0x00000000800138c0                l2cap_disconnect_ind
 .text.l2cap_recv
                0x00000000800138c8        0x8 /opt/devkitpro/libogc/lib/wii/libbte.a(l2cap.o)
                0x00000000800138c8                l2cap_recv
 .text.btmemb_init
                0x00000000800138d0       0x24 /opt/devkitpro/libogc/lib/wii/libbte.a(btmemb.o)
                0x00000000800138d0                btmemb_init
 .text.btmemb_alloc
                0x00000000800138f4       0xa8 /opt/devkitpro/libogc/lib/wii/libbte.a(btmemb.o)
                0x00000000800138f4                btmemb_alloc
 .text.btmemb_free
                0x000000008001399c       0xa8 /opt/devkitpro/libogc/lib/wii/libbte.a(btmemb.o)
                0x000000008001399c                btmemb_free
 .text.plug_holes
                0x0000000080013a44       0xb8 /opt/devkitpro/libogc/lib/wii/libbte.a(btmemr.o)
 .text.btmemr_free.part.0
                0x0000000080013afc       0x78 /opt/devkitpro/libogc/lib/wii/libbte.a(btmemr.o)
 .text.btmemr_init
                0x0000000080013b74       0x98 /opt/devkitpro/libogc/lib/wii/libbte.a(btmemr.o)
                0x0000000080013b74                btmemr_init
 .text.btmemr_malloc
                0x0000000080013c0c      0x178 /opt/devkitpro/libogc/lib/wii/libbte.a(btmemr.o)
                0x0000000080013c0c                btmemr_malloc
 .text.btmemr_free
                0x0000000080013d84       0x28 /opt/devkitpro/libogc/lib/wii/libbte.a(btmemr.o)
                0x0000000080013d84                btmemr_free
 .text.btmemr_realloc
                0x0000000080013dac      0x10c /opt/devkitpro/libogc/lib/wii/libbte.a(btmemr.o)
                0x0000000080013dac                btmemr_realloc
 .text.btpbuf_cat.part.0
                0x0000000080013eb8       0x68 /opt/devkitpro/libogc/lib/wii/libbte.a(btpbuf.o)
 .text.btpbuf_init
                0x0000000080013f20       0x28 /opt/devkitpro/libogc/lib/wii/libbte.a(btpbuf.o)
                0x0000000080013f20                btpbuf_init
 .text.btpbuf_free
                0x0000000080013f48      0x124 /opt/devkitpro/libogc/lib/wii/libbte.a(btpbuf.o)
                0x0000000080013f48                btpbuf_free
 .text.btpbuf_alloc
                0x000000008001406c      0x25c /opt/devkitpro/libogc/lib/wii/libbte.a(btpbuf.o)
                0x000000008001406c                btpbuf_alloc
 .text.btpbuf_realloc
                0x00000000800142c8       0xec /opt/devkitpro/libogc/lib/wii/libbte.a(btpbuf.o)
                0x00000000800142c8                btpbuf_realloc
 .text.btpbuf_header
                0x00000000800143b4       0x90 /opt/devkitpro/libogc/lib/wii/libbte.a(btpbuf.o)
                0x00000000800143b4                btpbuf_header
 .text.btpbuf_ref
                0x0000000080014444       0x48 /opt/devkitpro/libogc/lib/wii/libbte.a(btpbuf.o)
                0x0000000080014444                btpbuf_ref
 .text.btpbuf_chain
                0x000000008001448c       0x8c /opt/devkitpro/libogc/lib/wii/libbte.a(btpbuf.o)
                0x000000008001448c                btpbuf_chain
 .text.btpbuf_dechain
                0x0000000080014518       0x7c /opt/devkitpro/libogc/lib/wii/libbte.a(btpbuf.o)
                0x0000000080014518                btpbuf_dechain
 .text.btpbuf_take
                0x0000000080014594      0x13c /opt/devkitpro/libogc/lib/wii/libbte.a(btpbuf.o)
                0x0000000080014594                btpbuf_take
 .text.__usb_closeCB
                0x00000000800146d0       0x10 /opt/devkitpro/libogc/lib/wii/libbte.a(physbusif.o)
 .text.__writebulkmsgCB
                0x00000000800146e0       0x3c /opt/devkitpro/libogc/lib/wii/libbte.a(physbusif.o)
 .text.__writectrlmsgCB
                0x000000008001471c       0x3c /opt/devkitpro/libogc/lib/wii/libbte.a(physbusif.o)
 .text.__issue_intrread.part.0
                0x0000000080014758       0x80 /opt/devkitpro/libogc/lib/wii/libbte.a(physbusif.o)
 .text.__readintrdataCB
                0x00000000800147d8      0x150 /opt/devkitpro/libogc/lib/wii/libbte.a(physbusif.o)
 .text.__issue_bulkread.part.2
                0x0000000080014928       0x80 /opt/devkitpro/libogc/lib/wii/libbte.a(physbusif.o)
 .text.__readbulkdataCB
                0x00000000800149a8      0x150 /opt/devkitpro/libogc/lib/wii/libbte.a(physbusif.o)
 .text.physbusif_init
                0x0000000080014af8      0x1dc /opt/devkitpro/libogc/lib/wii/libbte.a(physbusif.o)
                0x0000000080014af8                physbusif_init
 .text.physbusif_close
                0x0000000080014cd4       0x20 /opt/devkitpro/libogc/lib/wii/libbte.a(physbusif.o)
                0x0000000080014cd4                physbusif_close
 .text.physbusif_shutdown
                0x0000000080014cf4       0x24 /opt/devkitpro/libogc/lib/wii/libbte.a(physbusif.o)
                0x0000000080014cf4                physbusif_shutdown
 .text.physbusif_reset_all
                0x0000000080014d18        0x4 /opt/devkitpro/libogc/lib/wii/libbte.a(physbusif.o)
                0x0000000080014d18                physbusif_reset_all
 .text.physbusif_output
                0x0000000080014d1c      0x1b4 /opt/devkitpro/libogc/lib/wii/libbte.a(physbusif.o)
                0x0000000080014d1c                physbusif_output
 .text.__console_clear_line
                0x0000000080014ed0       0x84 /opt/devkitpro/libogc/lib/wii/libogc.a(console.o)
 .text.__console_clear
                0x0000000080014f54       0x54 /opt/devkitpro/libogc/lib/wii/libogc.a(console.o)
 .text.__console_write
                0x0000000080014fa8      0x708 /opt/devkitpro/libogc/lib/wii/libogc.a(console.o)
                0x0000000080014fa8                __console_write
 .text.__console_init
                0x00000000800156b0      0x108 /opt/devkitpro/libogc/lib/wii/libogc.a(console.o)
                0x00000000800156b0                __console_init
 .text.CON_Init
                0x00000000800157b8        0x4 /opt/devkitpro/libogc/lib/wii/libogc.a(console.o)
                0x00000000800157b8                CON_Init
 .text.CON_EnableGecko
                0x00000000800157bc      0x100 /opt/devkitpro/libogc/lib/wii/libogc.a(console.o)
                0x00000000800157bc                CON_EnableGecko
 .text.__lwp_queue_initialize
                0x00000000800158bc       0x60 /opt/devkitpro/libogc/lib/wii/libogc.a(lwp_queue.o)
                0x00000000800158bc                __lwp_queue_initialize
 .text.__lwp_queue_get
                0x000000008001591c       0x74 /opt/devkitpro/libogc/lib/wii/libogc.a(lwp_queue.o)
                0x000000008001591c                __lwp_queue_get
 .text.__lwp_queue_append
                0x0000000080015990       0x4c /opt/devkitpro/libogc/lib/wii/libogc.a(lwp_queue.o)
                0x0000000080015990                __lwp_queue_append
 .text.__lwp_isr_in_progress
                0x00000000800159dc        0x8 /opt/devkitpro/libogc/lib/wii/libogc.a(lwp_threads.o)
                0x00000000800159dc                __lwp_isr_in_progress
 .text.__thread_dispatch_fp
                0x00000000800159e4       0x88 /opt/devkitpro/libogc/lib/wii/libogc.a(lwp_threads.o)
                0x00000000800159e4                __thread_dispatch_fp
 .text.__thread_dispatch
                0x0000000080015a6c      0x110 /opt/devkitpro/libogc/lib/wii/libogc.a(lwp_threads.o)
                0x0000000080015a6c                __thread_dispatch
 .text.__lwp_thread_resettimeslice
                0x0000000080015b7c       0xec /opt/devkitpro/libogc/lib/wii/libogc.a(lwp_threads.o)
                0x0000000080015b7c                __lwp_thread_resettimeslice
 .text.__lwp_thread_tickle_timeslice
                0x0000000080015c68       0xcc /opt/devkitpro/libogc/lib/wii/libogc.a(lwp_threads.o)
                0x0000000080015c68                __lwp_thread_tickle_timeslice
 .text.__lwp_thread_setstate
                0x0000000080015d34      0x178 /opt/devkitpro/libogc/lib/wii/libogc.a(lwp_threads.o)
                0x0000000080015d34                __lwp_thread_setstate
 .text.__lwp_thread_clearstate
                0x0000000080015eac       0xe4 /opt/devkitpro/libogc/lib/wii/libogc.a(lwp_threads.o)
                0x0000000080015eac                __lwp_thread_clearstate
 .text.__lwp_thread_delayended
                0x0000000080015f90       0x48 /opt/devkitpro/libogc/lib/wii/libogc.a(lwp_threads.o)
                0x0000000080015f90                __lwp_thread_delayended
 .text.__lwp_thread_settransient
                0x0000000080015fd8       0xb4 /opt/devkitpro/libogc/lib/wii/libogc.a(lwp_threads.o)
                0x0000000080015fd8                __lwp_thread_settransient
 .text.__lwp_thread_changepriority
                0x000000008001608c      0x1f8 /opt/devkitpro/libogc/lib/wii/libogc.a(lwp_threads.o)
                0x000000008001608c                __lwp_thread_changepriority
 .text.__lwp_thread_ready
                0x0000000080016284       0xf4 /opt/devkitpro/libogc/lib/wii/libogc.a(lwp_threads.o)
                0x0000000080016284                __lwp_thread_ready
 .text.__lwp_thread_init
                0x0000000080016378      0x180 /opt/devkitpro/libogc/lib/wii/libogc.a(lwp_threads.o)
                0x0000000080016378                __lwp_thread_init
 .text.__lwp_thread_close
                0x00000000800164f8      0x138 /opt/devkitpro/libogc/lib/wii/libogc.a(lwp_threads.o)
                0x00000000800164f8                __lwp_thread_close
 .text.__lwp_thread_closeall
                0x0000000080016630       0xb8 /opt/devkitpro/libogc/lib/wii/libogc.a(lwp_threads.o)
                0x0000000080016630                __lwp_thread_closeall
 .text.__lwp_thread_exit
                0x00000000800166e8       0x5c /opt/devkitpro/libogc/lib/wii/libogc.a(lwp_threads.o)
                0x00000000800166e8                __lwp_thread_exit
 .text.__lwp_thread_handler
                0x0000000080016744       0xb4 /opt/devkitpro/libogc/lib/wii/libogc.a(lwp_threads.o)
 .text.__lwp_thread_start
                0x00000000800167f8       0xec /opt/devkitpro/libogc/lib/wii/libogc.a(lwp_threads.o)
                0x00000000800167f8                __lwp_thread_start
 .text.__lwp_thread_startmultitasking
                0x00000000800168e4       0xb0 /opt/devkitpro/libogc/lib/wii/libogc.a(lwp_threads.o)
                0x00000000800168e4                __lwp_thread_startmultitasking
 .text.__lwp_thread_stopmultitasking
                0x0000000080016994       0x58 /opt/devkitpro/libogc/lib/wii/libogc.a(lwp_threads.o)
                0x0000000080016994                __lwp_thread_stopmultitasking
 .text.__lwp_thread_coreinit
                0x00000000800169ec       0xb0 /opt/devkitpro/libogc/lib/wii/libogc.a(lwp_threads.o)
                0x00000000800169ec                __lwp_thread_coreinit
 .text.idle_func
                0x0000000080016a9c        0x4 /opt/devkitpro/libogc/lib/wii/libogc.a(lwp.o)
 .text.__lwp_sysinit
                0x0000000080016aa0      0x118 /opt/devkitpro/libogc/lib/wii/libogc.a(lwp.o)
                0x0000000080016aa0                __lwp_sysinit
 .text.LWP_InitQueue
                0x0000000080016bb8      0x150 /opt/devkitpro/libogc/lib/wii/libogc.a(lwp.o)
                0x0000000080016bb8                LWP_InitQueue
 .text.LWP_CloseQueue
                0x0000000080016d08       0xd4 /opt/devkitpro/libogc/lib/wii/libogc.a(lwp.o)
                0x0000000080016d08                LWP_CloseQueue
 .text.LWP_ThreadSleep
                0x0000000080016ddc      0x110 /opt/devkitpro/libogc/lib/wii/libogc.a(lwp.o)
                0x0000000080016ddc                LWP_ThreadSleep
 .text.LWP_ThreadBroadcast
                0x0000000080016eec       0x88 /opt/devkitpro/libogc/lib/wii/libogc.a(lwp.o)
                0x0000000080016eec                LWP_ThreadBroadcast
 .text.LWP_ThreadSignal
                0x0000000080016f74       0x74 /opt/devkitpro/libogc/lib/wii/libogc.a(lwp.o)
                0x0000000080016f74                LWP_ThreadSignal
 .text.__lwp_stack_allocate
                0x0000000080016fe8       0x60 /opt/devkitpro/libogc/lib/wii/libogc.a(lwp_stack.o)
                0x0000000080016fe8                __lwp_stack_allocate
 .text.__lwp_stack_free
                0x0000000080017048       0x1c /opt/devkitpro/libogc/lib/wii/libogc.a(lwp_stack.o)
                0x0000000080017048                __lwp_stack_free
 .text.__lwp_wd_settimer.isra.4
                0x0000000080017064       0xd8 /opt/devkitpro/libogc/lib/wii/libogc.a(lwp_watchdog.o)
 .text.__lwp_watchdog_init
                0x000000008001713c       0x2c /opt/devkitpro/libogc/lib/wii/libogc.a(lwp_watchdog.o)
                0x000000008001713c                __lwp_watchdog_init
 .text.__lwp_wd_insert
                0x0000000080017168      0x1e4 /opt/devkitpro/libogc/lib/wii/libogc.a(lwp_watchdog.o)
                0x0000000080017168                __lwp_wd_insert
 .text.__lwp_wd_remove
                0x000000008001734c      0x144 /opt/devkitpro/libogc/lib/wii/libogc.a(lwp_watchdog.o)
                0x000000008001734c                __lwp_wd_remove
 .text.__lwp_wd_tickle
                0x0000000080017490      0x120 /opt/devkitpro/libogc/lib/wii/libogc.a(lwp_watchdog.o)
                0x0000000080017490                __lwp_wd_tickle
 .text.__lwp_wkspace_init
                0x00000000800175b0       0xc4 /opt/devkitpro/libogc/lib/wii/libogc.a(lwp_wkspace.o)
                0x00000000800175b0                __lwp_wkspace_init
 .text.__lwp_objmgr_initinfo
                0x0000000080017674      0x1a4 /opt/devkitpro/libogc/lib/wii/libogc.a(lwp_objmgr.o)
                0x0000000080017674                __lwp_objmgr_initinfo
 .text.__lwp_objmgr_getisrdisable
                0x0000000080017818       0x60 /opt/devkitpro/libogc/lib/wii/libogc.a(lwp_objmgr.o)
                0x0000000080017818                __lwp_objmgr_getisrdisable
 .text.__lwp_objmgr_getnoprotection
                0x0000000080017878       0x24 /opt/devkitpro/libogc/lib/wii/libogc.a(lwp_objmgr.o)
                0x0000000080017878                __lwp_objmgr_getnoprotection
 .text.__lwp_objmgr_get
                0x000000008001789c       0x70 /opt/devkitpro/libogc/lib/wii/libogc.a(lwp_objmgr.o)
                0x000000008001789c                __lwp_objmgr_get
 .text.__lwp_objmgr_allocate
                0x000000008001790c       0x88 /opt/devkitpro/libogc/lib/wii/libogc.a(lwp_objmgr.o)
                0x000000008001790c                __lwp_objmgr_allocate
 .text.__lwp_objmgr_free
                0x0000000080017994       0x60 /opt/devkitpro/libogc/lib/wii/libogc.a(lwp_objmgr.o)
                0x0000000080017994                __lwp_objmgr_free
 .text.__lwp_heap_init
                0x00000000800179f4       0xa4 /opt/devkitpro/libogc/lib/wii/libogc.a(lwp_heap.o)
                0x00000000800179f4                __lwp_heap_init
 .text.__lwp_heap_allocate
                0x0000000080017a98      0x16c /opt/devkitpro/libogc/lib/wii/libogc.a(lwp_heap.o)
                0x0000000080017a98                __lwp_heap_allocate
 .text.__lwp_heap_free
                0x0000000080017c04      0x1c0 /opt/devkitpro/libogc/lib/wii/libogc.a(lwp_heap.o)
                0x0000000080017c04                __lwp_heap_free
 .text.__SetInterrupts
                0x0000000080017dc4      0x298 /opt/devkitpro/libogc/lib/wii/libogc.a(irq.o)
 .text.c_irqdispatcher
                0x000000008001805c      0x27c /opt/devkitpro/libogc/lib/wii/libogc.a(irq.o)
                0x000000008001805c                c_irqdispatcher
 .text.__UnmaskIrq
                0x00000000800182d8       0x84 /opt/devkitpro/libogc/lib/wii/libogc.a(irq.o)
                0x00000000800182d8                __UnmaskIrq
 .text.__MaskIrq
                0x000000008001835c       0x84 /opt/devkitpro/libogc/lib/wii/libogc.a(irq.o)
                0x000000008001835c                __MaskIrq
 .text.__irq_init
                0x00000000800183e0       0x9c /opt/devkitpro/libogc/lib/wii/libogc.a(irq.o)
                0x00000000800183e0                __irq_init
 .text.IRQ_Request
                0x000000008001847c       0x50 /opt/devkitpro/libogc/lib/wii/libogc.a(irq.o)
                0x000000008001847c                IRQ_Request
 .text.IRQ_GetHandler
                0x00000000800184cc       0x44 /opt/devkitpro/libogc/lib/wii/libogc.a(irq.o)
                0x00000000800184cc                IRQ_GetHandler
 .text.IRQ_Disable
                0x0000000080018510       0x1c /opt/devkitpro/libogc/lib/wii/libogc.a(irq.o)
                0x0000000080018510                IRQ_Disable
 .text.IRQ_Restore
                0x000000008001852c       0x1c /opt/devkitpro/libogc/lib/wii/libogc.a(irq.o)
                0x000000008001852c                IRQ_Restore
 .text.__VISendI2CData.constprop.2
                0x0000000080018548      0x42c /opt/devkitpro/libogc/lib/wii/libogc.a(video.o)
 .text.__VIWriteI2CRegister16
                0x0000000080018974       0x38 /opt/devkitpro/libogc/lib/wii/libogc.a(video.o)
 .text.__VIWriteI2CRegister8
                0x00000000800189ac       0x38 /opt/devkitpro/libogc/lib/wii/libogc.a(video.o)
 .text.__VISetYUVSEL
                0x00000000800189e4       0x68 /opt/devkitpro/libogc/lib/wii/libogc.a(video.o)
 .text.VIDEO_Configure
                0x0000000080018a4c      0x7c8 /opt/devkitpro/libogc/lib/wii/libogc.a(video.o)
                0x0000000080018a4c                VIDEO_Configure
 .text.VIDEO_WaitVSync
                0x0000000080019214       0x74 /opt/devkitpro/libogc/lib/wii/libogc.a(video.o)
                0x0000000080019214                VIDEO_WaitVSync
 .text.VIDEO_SetFramebuffer
                0x0000000080019288      0x23c /opt/devkitpro/libogc/lib/wii/libogc.a(video.o)
                0x0000000080019288                VIDEO_SetFramebuffer
 .text.VIDEO_SetNextFramebuffer
                0x00000000800194c4      0x1b4 /opt/devkitpro/libogc/lib/wii/libogc.a(video.o)
                0x00000000800194c4                VIDEO_SetNextFramebuffer
 .text.VIDEO_Flush
                0x0000000080019678      0x134 /opt/devkitpro/libogc/lib/wii/libogc.a(video.o)
                0x0000000080019678                VIDEO_Flush
 .text.VIDEO_SetBlack
                0x00000000800197ac      0x144 /opt/devkitpro/libogc/lib/wii/libogc.a(video.o)
                0x00000000800197ac                VIDEO_SetBlack
 .text.VIDEO_GetCurrentTvMode
                0x00000000800198f0       0x78 /opt/devkitpro/libogc/lib/wii/libogc.a(video.o)
                0x00000000800198f0                VIDEO_GetCurrentTvMode
 .text.__VIRetraceHandler
                0x0000000080019968      0x294 /opt/devkitpro/libogc/lib/wii/libogc.a(video.o)
 .text.__VISetupEncoder
                0x0000000080019bfc      0x1fc /opt/devkitpro/libogc/lib/wii/libogc.a(video.o)
 .text.VIDEO_Init
                0x0000000080019df8      0x4e0 /opt/devkitpro/libogc/lib/wii/libogc.a(video.o)
                0x0000000080019df8                VIDEO_Init
 .text.VIDEO_GetPreferredMode
                0x000000008001a2d8      0x100 /opt/devkitpro/libogc/lib/wii/libogc.a(video.o)
                0x000000008001a2d8                VIDEO_GetPreferredMode
 .text.VIDEO_GetCurrentLine
                0x000000008001a3d8       0x9c /opt/devkitpro/libogc/lib/wii/libogc.a(video.o)
                0x000000008001a3d8                VIDEO_GetCurrentLine
 .text.VIDEO_GetFrameBufferSize
                0x000000008001a474       0x30 /opt/devkitpro/libogc/lib/wii/libogc.a(video.o)
                0x000000008001a474                VIDEO_GetFrameBufferSize
 .text.__call_resetfuncs
                0x000000008001a4a4       0xbc /opt/devkitpro/libogc/lib/wii/libogc.a(system.o)
 .text.__MEMInterruptHandler
                0x000000008001a560       0x14 /opt/devkitpro/libogc/lib/wii/libogc.a(system.o)
 .text.__RSWDefaultHandler
                0x000000008001a574        0x4 /opt/devkitpro/libogc/lib/wii/libogc.a(system.o)
 .text.__POWDefaultHandler
                0x000000008001a578        0x4 /opt/devkitpro/libogc/lib/wii/libogc.a(system.o)
 .text.__getrtc
                0x000000008001a57c      0x164 /opt/devkitpro/libogc/lib/wii/libogc.a(system.o)
 .text.__sram_write
                0x000000008001a6e0      0x144 /opt/devkitpro/libogc/lib/wii/libogc.a(system.o)
 .text.__unlocksram
                0x000000008001a824      0x17c /opt/devkitpro/libogc/lib/wii/libogc.a(system.o)
 .text.__sram_writecallback
                0x000000008001a9a0       0x54 /opt/devkitpro/libogc/lib/wii/libogc.a(system.o)
 .text.__mem_onreset
                0x000000008001a9f4       0x48 /opt/devkitpro/libogc/lib/wii/libogc.a(system.o)
 .text.__sys_alarmhandler
                0x000000008001aa3c       0xf0 /opt/devkitpro/libogc/lib/wii/libogc.a(system.o)
 .text.__STMEventHandler
                0x000000008001ab2c      0x104 /opt/devkitpro/libogc/lib/wii/libogc.a(system.o)
 .text.__sram_read.constprop.11
                0x000000008001ac30      0x140 /opt/devkitpro/libogc/lib/wii/libogc.a(system.o)
 .text.__SYS_GetRTC
                0x000000008001ad70       0xd0 /opt/devkitpro/libogc/lib/wii/libogc.a(system.o)
                0x000000008001ad70                __SYS_GetRTC
 .text.__SYS_GetIPCBufferLo
                0x000000008001ae40        0x8 /opt/devkitpro/libogc/lib/wii/libogc.a(system.o)
                0x000000008001ae40                __SYS_GetIPCBufferLo
 .text.__SYS_GetIPCBufferHi
                0x000000008001ae48        0x8 /opt/devkitpro/libogc/lib/wii/libogc.a(system.o)
                0x000000008001ae48                __SYS_GetIPCBufferHi
 .text.__SYS_DoPowerCB
                0x000000008001ae50       0x74 /opt/devkitpro/libogc/lib/wii/libogc.a(system.o)
                0x000000008001ae50                __SYS_DoPowerCB
 .text.__SYS_PreInit
                0x000000008001aec4        0x4 /opt/devkitpro/libogc/lib/wii/libogc.a(system.o)
                0x000000008001aec4                __SYS_PreInit
 .text.SYS_ResetButtonDown
                0x000000008001aec8       0x18 /opt/devkitpro/libogc/lib/wii/libogc.a(system.o)
                0x000000008001aec8                SYS_ResetButtonDown
 .text.SYS_ResetSystem
                0x000000008001aee0      0x214 /opt/devkitpro/libogc/lib/wii/libogc.a(system.o)
                0x000000008001aee0                SYS_ResetSystem
 .text.__reload
                0x000000008001b0f4       0x80 /opt/devkitpro/libogc/lib/wii/libogc.a(system.o)
                0x000000008001b0f4                __reload
 .text.__libogc_exit
                0x000000008001b174       0x88 /opt/devkitpro/libogc/lib/wii/libogc.a(system.o)
                0x000000008001b174                __libogc_exit
 .text.SYS_RegisterResetFunc
                0x000000008001b1fc       0x78 /opt/devkitpro/libogc/lib/wii/libogc.a(system.o)
                0x000000008001b1fc                SYS_RegisterResetFunc
 .text.SYS_Init
                0x000000008001b274      0x69c /opt/devkitpro/libogc/lib/wii/libogc.a(system.o)
                0x000000008001b274                SYS_Init
 .text.SYS_SetArena1Lo
                0x000000008001b910       0x38 /opt/devkitpro/libogc/lib/wii/libogc.a(system.o)
                0x000000008001b910                SYS_SetArena1Lo
 .text.SYS_GetArena1Lo
                0x000000008001b948       0x38 /opt/devkitpro/libogc/lib/wii/libogc.a(system.o)
                0x000000008001b948                SYS_GetArena1Lo
 .text.SYS_GetArena1Hi
                0x000000008001b980       0x38 /opt/devkitpro/libogc/lib/wii/libogc.a(system.o)
                0x000000008001b980                SYS_GetArena1Hi
 .text.SYS_SetArena2Lo
                0x000000008001b9b8       0x38 /opt/devkitpro/libogc/lib/wii/libogc.a(system.o)
                0x000000008001b9b8                SYS_SetArena2Lo
 .text.SYS_GetArena2Lo
                0x000000008001b9f0       0x38 /opt/devkitpro/libogc/lib/wii/libogc.a(system.o)
                0x000000008001b9f0                SYS_GetArena2Lo
 .text.SYS_SetArena2Hi
                0x000000008001ba28       0x38 /opt/devkitpro/libogc/lib/wii/libogc.a(system.o)
                0x000000008001ba28                SYS_SetArena2Hi
 .text.SYS_GetArena2Hi
                0x000000008001ba60       0x38 /opt/devkitpro/libogc/lib/wii/libogc.a(system.o)
                0x000000008001ba60                SYS_GetArena2Hi
 .text.SYS_AllocateFramebuffer
                0x000000008001ba98       0x28 /opt/devkitpro/libogc/lib/wii/libogc.a(system.o)
                0x000000008001ba98                SYS_AllocateFramebuffer
 .text.SYS_CreateAlarm
                0x000000008001bac0      0x120 /opt/devkitpro/libogc/lib/wii/libogc.a(system.o)
                0x000000008001bac0                SYS_CreateAlarm
 .text.SYS_SetAlarm
                0x000000008001bbe0      0x1d0 /opt/devkitpro/libogc/lib/wii/libogc.a(system.o)
                0x000000008001bbe0                SYS_SetAlarm
 .text.SYS_SetPeriodicAlarm
                0x000000008001bdb0      0x214 /opt/devkitpro/libogc/lib/wii/libogc.a(system.o)
                0x000000008001bdb0                SYS_SetPeriodicAlarm
 .text.SYS_RemoveAlarm
                0x000000008001bfc4      0x128 /opt/devkitpro/libogc/lib/wii/libogc.a(system.o)
                0x000000008001bfc4                SYS_RemoveAlarm
 .text.SYS_CancelAlarm
                0x000000008001c0ec       0xd0 /opt/devkitpro/libogc/lib/wii/libogc.a(system.o)
                0x000000008001c0ec                SYS_CancelAlarm
 .text.SYS_SetWirelessID
                0x000000008001c1bc       0x94 /opt/devkitpro/libogc/lib/wii/libogc.a(system.o)
                0x000000008001c1bc                SYS_SetWirelessID
 .text.SYS_GetWirelessID
                0x000000008001c250       0xa0 /opt/devkitpro/libogc/lib/wii/libogc.a(system.o)
                0x000000008001c250                SYS_GetWirelessID
 .text.SYS_GetHollywoodRevision
                0x000000008001c2f0       0x3c /opt/devkitpro/libogc/lib/wii/libogc.a(system.o)
                0x000000008001c2f0                SYS_GetHollywoodRevision
 .text.SYS_Time
                0x000000008001c32c       0x78 /opt/devkitpro/libogc/lib/wii/libogc.a(system.o)
                0x000000008001c32c                SYS_Time
 .text.__SYS_SetBootTime
                0x000000008001c3a4       0x20 /opt/devkitpro/libogc/lib/wii/libogc.a(system.o)
                0x000000008001c3a4                __SYS_SetBootTime
 .text.SYS_PreMain
                0x000000008001c3c4       0x58 /opt/devkitpro/libogc/lib/wii/libogc.a(system.o)
                0x000000008001c3c4                SYS_PreMain
 .text.__lwp_cond_init
                0x000000008001c41c       0x14 /opt/devkitpro/libogc/lib/wii/libogc.a(cond.o)
                0x000000008001c41c                __lwp_cond_init
 .text.__decrementer_init
                0x000000008001c430        0x4 /opt/devkitpro/libogc/lib/wii/libogc.a(decrementer.o)
                0x000000008001c430                __decrementer_init
 .text.c_decrementer_handler
                0x000000008001c434        0xc /opt/devkitpro/libogc/lib/wii/libogc.a(decrementer.o)
                0x000000008001c434                c_decrementer_handler
 .text.__lwp_mqbox_init
                0x000000008001c440       0x14 /opt/devkitpro/libogc/lib/wii/libogc.a(message.o)
                0x000000008001c440                __lwp_mqbox_init
 .text.__si_transfer
                0x000000008001c454      0x160 /opt/devkitpro/libogc/lib/wii/libogc.a(si.o)
 .text.__si_alarmhandler
                0x000000008001c5b4       0xe0 /opt/devkitpro/libogc/lib/wii/libogc.a(si.o)
 .text.__si_completetransfer
                0x000000008001c694      0x1d4 /opt/devkitpro/libogc/lib/wii/libogc.a(si.o)
 .text.__si_transfernext
                0x000000008001c868       0xe8 /opt/devkitpro/libogc/lib/wii/libogc.a(si.o)
 .text.SI_Busy  0x000000008001c950       0x18 /opt/devkitpro/libogc/lib/wii/libogc.a(si.o)
                0x000000008001c950                SI_Busy
 .text.SI_IsChanBusy
                0x000000008001c968       0x38 /opt/devkitpro/libogc/lib/wii/libogc.a(si.o)
                0x000000008001c968                SI_IsChanBusy
 .text.SI_SetXY
                0x000000008001c9a0       0x64 /opt/devkitpro/libogc/lib/wii/libogc.a(si.o)
                0x000000008001c9a0                SI_SetXY
 .text.SI_EnablePolling
                0x000000008001ca04       0x84 /opt/devkitpro/libogc/lib/wii/libogc.a(si.o)
                0x000000008001ca04                SI_EnablePolling
 .text.SI_DisablePolling
                0x000000008001ca88       0x58 /opt/devkitpro/libogc/lib/wii/libogc.a(si.o)
                0x000000008001ca88                SI_DisablePolling
 .text.SI_SetSamplingRate
                0x000000008001cae0       0xe4 /opt/devkitpro/libogc/lib/wii/libogc.a(si.o)
                0x000000008001cae0                SI_SetSamplingRate
 .text.SI_RefreshSamplingRate
                0x000000008001cbc4        0x8 /opt/devkitpro/libogc/lib/wii/libogc.a(si.o)
                0x000000008001cbc4                SI_RefreshSamplingRate
 .text.SI_GetStatus
                0x000000008001cbcc       0x78 /opt/devkitpro/libogc/lib/wii/libogc.a(si.o)
                0x000000008001cbcc                SI_GetStatus
 .text.SI_GetResponseRaw
                0x000000008001cc44       0x80 /opt/devkitpro/libogc/lib/wii/libogc.a(si.o)
                0x000000008001cc44                SI_GetResponseRaw
 .text.SI_GetResponse
                0x000000008001ccc4       0xb8 /opt/devkitpro/libogc/lib/wii/libogc.a(si.o)
                0x000000008001ccc4                SI_GetResponse
 .text.SI_SetCommand
                0x000000008001cd7c       0x10 /opt/devkitpro/libogc/lib/wii/libogc.a(si.o)
                0x000000008001cd7c                SI_SetCommand
 .text.SI_Transfer
                0x000000008001cd8c      0x270 /opt/devkitpro/libogc/lib/wii/libogc.a(si.o)
                0x000000008001cd8c                SI_Transfer
 .text.__si_gettypecallback
                0x000000008001cffc      0x2d4 /opt/devkitpro/libogc/lib/wii/libogc.a(si.o)
 .text.__si_interrupthandler
                0x000000008001d2d0      0x270 /opt/devkitpro/libogc/lib/wii/libogc.a(si.o)
 .text.SI_GetType
                0x000000008001d540      0x1d8 /opt/devkitpro/libogc/lib/wii/libogc.a(si.o)
                0x000000008001d540                SI_GetType
 .text.SI_GetTypeAsync
                0x000000008001d718      0x138 /opt/devkitpro/libogc/lib/wii/libogc.a(si.o)
                0x000000008001d718                SI_GetTypeAsync
 .text.SI_EnablePollingInterrupt
                0x000000008001d850       0xac /opt/devkitpro/libogc/lib/wii/libogc.a(si.o)
                0x000000008001d850                SI_EnablePollingInterrupt
 .text.SI_UnregisterPollingHandler
                0x000000008001d8fc       0xdc /opt/devkitpro/libogc/lib/wii/libogc.a(si.o)
                0x000000008001d8fc                SI_UnregisterPollingHandler
 .text.__si_init
                0x000000008001d9d8       0xf8 /opt/devkitpro/libogc/lib/wii/libogc.a(si.o)
                0x000000008001d9d8                __si_init
 .text.__ios_ioctlvformat_parse
                0x000000008001dad0      0x820 /opt/devkitpro/libogc/lib/wii/libogc.a(ipc.o)
 .text.__ioctlvfmtCB
                0x000000008001e2f0      0x15c /opt/devkitpro/libogc/lib/wii/libogc.a(ipc.o)
 .text.__ipc_sendrequest.part.0
                0x000000008001e44c       0xe4 /opt/devkitpro/libogc/lib/wii/libogc.a(ipc.o)
 .text.__ipc_interrupthandler
                0x000000008001e530      0x354 /opt/devkitpro/libogc/lib/wii/libogc.a(ipc.o)
 .text.__ipc_syncrequest
                0x000000008001e884       0xe8 /opt/devkitpro/libogc/lib/wii/libogc.a(ipc.o)
 .text.__ipc_asyncrequest
                0x000000008001e96c      0x14c /opt/devkitpro/libogc/lib/wii/libogc.a(ipc.o)
 .text.__IPC_Init.part.2
                0x000000008001eab8       0x3c /opt/devkitpro/libogc/lib/wii/libogc.a(ipc.o)
 .text.iosCreateHeap
                0x000000008001eaf4      0x130 /opt/devkitpro/libogc/lib/wii/libogc.a(ipc.o)
                0x000000008001eaf4                iosCreateHeap
 .text.iosAlloc
                0x000000008001ec24       0x30 /opt/devkitpro/libogc/lib/wii/libogc.a(ipc.o)
                0x000000008001ec24                iosAlloc
 .text.iosFree  0x000000008001ec54       0x28 /opt/devkitpro/libogc/lib/wii/libogc.a(ipc.o)
                0x000000008001ec54                iosFree
 .text.__IPC_ClntInit
                0x000000008001ec7c       0xa4 /opt/devkitpro/libogc/lib/wii/libogc.a(ipc.o)
                0x000000008001ec7c                __IPC_ClntInit
 .text.IOS_Open
                0x000000008001ed20      0x110 /opt/devkitpro/libogc/lib/wii/libogc.a(ipc.o)
                0x000000008001ed20                IOS_Open
 .text.IOS_Close
                0x000000008001ee30       0xf0 /opt/devkitpro/libogc/lib/wii/libogc.a(ipc.o)
                0x000000008001ee30                IOS_Close
 .text.IOS_CloseAsync
                0x000000008001ef20       0xb4 /opt/devkitpro/libogc/lib/wii/libogc.a(ipc.o)
                0x000000008001ef20                IOS_CloseAsync
 .text.IOS_Read
                0x000000008001efd4      0x10c /opt/devkitpro/libogc/lib/wii/libogc.a(ipc.o)
                0x000000008001efd4                IOS_Read
 .text.IOS_Write
                0x000000008001f0e0      0x10c /opt/devkitpro/libogc/lib/wii/libogc.a(ipc.o)
                0x000000008001f0e0                IOS_Write
 .text.IOS_Ioctl
                0x000000008001f1ec      0x158 /opt/devkitpro/libogc/lib/wii/libogc.a(ipc.o)
                0x000000008001f1ec                IOS_Ioctl
 .text.IOS_IoctlAsync
                0x000000008001f344      0x148 /opt/devkitpro/libogc/lib/wii/libogc.a(ipc.o)
                0x000000008001f344                IOS_IoctlAsync
 .text.IOS_Ioctlv
                0x000000008001f48c      0x1ec /opt/devkitpro/libogc/lib/wii/libogc.a(ipc.o)
                0x000000008001f48c                IOS_Ioctlv
 .text.IOS_IoctlvAsync
                0x000000008001f678      0x1dc /opt/devkitpro/libogc/lib/wii/libogc.a(ipc.o)
                0x000000008001f678                IOS_IoctlvAsync
 .text.IOS_IoctlvFormat
                0x000000008001f854      0x170 /opt/devkitpro/libogc/lib/wii/libogc.a(ipc.o)
                0x000000008001f854                IOS_IoctlvFormat
 .text.IOS_IoctlvReboot
                0x000000008001f9c4      0x1f0 /opt/devkitpro/libogc/lib/wii/libogc.a(ipc.o)
                0x000000008001f9c4                IOS_IoctlvReboot
 .text.gettick  0x000000008001fbb4        0x8 /opt/devkitpro/libogc/lib/wii/libogc.a(timesupp.o)
                0x000000008001fbb4                gettick
 .text.gettime  0x000000008001fbbc       0x18 /opt/devkitpro/libogc/lib/wii/libogc.a(timesupp.o)
                0x000000008001fbbc                gettime
 .text.settime  0x000000008001fbd4       0x14 /opt/devkitpro/libogc/lib/wii/libogc.a(timesupp.o)
                0x000000008001fbd4                settime
 .text.diff_usec
                0x000000008001fbe8       0x88 /opt/devkitpro/libogc/lib/wii/libogc.a(timesupp.o)
                0x000000008001fbe8                diff_usec
 .text.__timesystem_init
                0x000000008001fc70       0x1c /opt/devkitpro/libogc/lib/wii/libogc.a(timesupp.o)
                0x000000008001fc70                __timesystem_init
 .text.udelay   0x000000008001fc8c       0xac /opt/devkitpro/libogc/lib/wii/libogc.a(timesupp.o)
                0x000000008001fc8c                udelay
 .text.__libogc_nanosleep
                0x000000008001fd38      0x144 /opt/devkitpro/libogc/lib/wii/libogc.a(timesupp.o)
                0x000000008001fd38                __libogc_nanosleep
 .text.__libogc_gettod_r
                0x000000008001fe7c       0xd4 /opt/devkitpro/libogc/lib/wii/libogc.a(timesupp.o)
                0x000000008001fe7c                __libogc_gettod_r
 .text.__libogc_lock_init
                0x000000008001ff50       0x78 /opt/devkitpro/libogc/lib/wii/libogc.a(lock_supp.o)
                0x000000008001ff50                __libogc_lock_init
 .text.__libogc_lock_close
                0x000000008001ffc8       0x64 /opt/devkitpro/libogc/lib/wii/libogc.a(lock_supp.o)
                0x000000008001ffc8                __libogc_lock_close
 .text.__libogc_lock_acquire
                0x000000008002002c       0x20 /opt/devkitpro/libogc/lib/wii/libogc.a(lock_supp.o)
                0x000000008002002c                __libogc_lock_acquire
 .text.__libogc_lock_release
                0x000000008002004c       0x20 /opt/devkitpro/libogc/lib/wii/libogc.a(lock_supp.o)
                0x000000008002004c                __libogc_lock_release
 .text.__libc_create_hook
                0x000000008002006c       0x10 /opt/devkitpro/libogc/lib/wii/libogc.a(newlibc.o)
                0x000000008002006c                __libc_create_hook
 .text.__libc_start_hook
                0x000000008002007c       0x9c /opt/devkitpro/libogc/lib/wii/libogc.a(newlibc.o)
                0x000000008002007c                __libc_start_hook
 .text.__libc_delete_hook
                0x0000000080020118       0xfc /opt/devkitpro/libogc/lib/wii/libogc.a(newlibc.o)
                0x0000000080020118                __libc_delete_hook
 .text.__libc_init
                0x0000000080020214       0xb0 /opt/devkitpro/libogc/lib/wii/libogc.a(newlibc.o)
                0x0000000080020214                __libc_init
 .text.__usbgecko_exi_unlock
                0x00000000800202c4       0x34 /opt/devkitpro/libogc/lib/wii/libogc.a(usbgecko.o)
 .text.__usb_sendbyte
                0x00000000800202f8       0xe0 /opt/devkitpro/libogc/lib/wii/libogc.a(usbgecko.o)
 .text.__usb_checksend
                0x00000000800203d8       0xd8 /opt/devkitpro/libogc/lib/wii/libogc.a(usbgecko.o)
                0x00000000800203d8                __usb_checksend
 .text.usb_isgeckoalive
                0x00000000800204b0      0x1c4 /opt/devkitpro/libogc/lib/wii/libogc.a(usbgecko.o)
                0x00000000800204b0                usb_isgeckoalive
 .text.usb_sendbuffer_ex
                0x0000000080020674      0x168 /opt/devkitpro/libogc/lib/wii/libogc.a(usbgecko.o)
                0x0000000080020674                usb_sendbuffer_ex
 .text.usb_sendbuffer
                0x00000000800207dc        0x8 /opt/devkitpro/libogc/lib/wii/libogc.a(usbgecko.o)
                0x00000000800207dc                usb_sendbuffer
 .text.usb_sendbuffer_safe_ex
                0x00000000800207e4      0x1b4 /opt/devkitpro/libogc/lib/wii/libogc.a(usbgecko.o)
                0x00000000800207e4                usb_sendbuffer_safe_ex
 .text.usb_sendbuffer_safe
                0x0000000080020998        0x8 /opt/devkitpro/libogc/lib/wii/libogc.a(usbgecko.o)
                0x0000000080020998                usb_sendbuffer_safe
 .text.__libogc_sbrk_r
                0x00000000800209a0      0x29c /opt/devkitpro/libogc/lib/wii/libogc.a(sbrk.o)
                0x00000000800209a0                __libogc_sbrk_r
 .text.__memlock_init
                0x0000000080020c3c       0x7c /opt/devkitpro/libogc/lib/wii/libogc.a(malloc_lock.o)
                0x0000000080020c3c                __memlock_init
 .text.__libogc_malloc_lock
                0x0000000080020cb8      0x1f8 /opt/devkitpro/libogc/lib/wii/libogc.a(malloc_lock.o)
                0x0000000080020cb8                __libogc_malloc_lock
 .text.__libogc_malloc_unlock
                0x0000000080020eb0       0x64 /opt/devkitpro/libogc/lib/wii/libogc.a(malloc_lock.o)
                0x0000000080020eb0                __libogc_malloc_unlock
 .text.__STM_SetEventHook
                0x0000000080020f14       0xb0 /opt/devkitpro/libogc/lib/wii/libogc.a(stm.o)
                0x0000000080020f14                __STM_SetEventHook
 .text.__STM_Init
                0x0000000080020fc4       0x94 /opt/devkitpro/libogc/lib/wii/libogc.a(stm.o)
                0x0000000080020fc4                __STM_Init
 .text.__STMEventHandler
                0x0000000080021058       0x60 /opt/devkitpro/libogc/lib/wii/libogc.a(stm.o)
 .text.__STM_ReleaseEventHook
                0x00000000800210b8       0x80 /opt/devkitpro/libogc/lib/wii/libogc.a(stm.o)
                0x00000000800210b8                __STM_ReleaseEventHook
 .text.__STM_Close
                0x0000000080021138       0xac /opt/devkitpro/libogc/lib/wii/libogc.a(stm.o)
                0x0000000080021138                __STM_Close
 .text.STM_RegisterEventHandler
                0x00000000800211e4       0x10 /opt/devkitpro/libogc/lib/wii/libogc.a(stm.o)
                0x00000000800211e4                STM_RegisterEventHandler
 .text.STM_ShutdownToStandby
                0x00000000800211f4       0x50 /opt/devkitpro/libogc/lib/wii/libogc.a(stm.o)
                0x00000000800211f4                STM_ShutdownToStandby
 .text.STM_ShutdownToIdle
                0x0000000080021244       0x70 /opt/devkitpro/libogc/lib/wii/libogc.a(stm.o)
                0x0000000080021244                STM_ShutdownToIdle
 .text.STM_SetLedMode
                0x00000000800212b4       0x40 /opt/devkitpro/libogc/lib/wii/libogc.a(stm.o)
                0x00000000800212b4                STM_SetLedMode
 .text.STM_RebootSystem
                0x00000000800212f4       0x50 /opt/devkitpro/libogc/lib/wii/libogc.a(stm.o)
                0x00000000800212f4                STM_RebootSystem
 .text.__IOS_InitializeSubsystems
                0x0000000080021344       0x48 /opt/devkitpro/libogc/lib/wii/libogc.a(ios.o)
                0x0000000080021344                __IOS_InitializeSubsystems
 .text.__IOS_ShutdownSubsystems
                0x000000008002138c       0x48 /opt/devkitpro/libogc/lib/wii/libogc.a(ios.o)
                0x000000008002138c                __IOS_ShutdownSubsystems
 .text.IOS_GetVersion
                0x00000000800213d4       0x54 /opt/devkitpro/libogc/lib/wii/libogc.a(ios.o)
                0x00000000800213d4                IOS_GetVersion
 .text.IOS_GetRevision
                0x0000000080021428       0x5c /opt/devkitpro/libogc/lib/wii/libogc.a(ios.o)
                0x0000000080021428                IOS_GetRevision
 .text.IOS_GetRevisionMajor
                0x0000000080021484       0x5c /opt/devkitpro/libogc/lib/wii/libogc.a(ios.o)
                0x0000000080021484                IOS_GetRevisionMajor
 .text.__IOS_LoadStartupIOS
                0x00000000800214e0        0x8 /opt/devkitpro/libogc/lib/wii/libogc.a(ios.o)
                0x00000000800214e0                __IOS_LoadStartupIOS
 .text._ES_fillstat
                0x00000000800214e8       0xe8 /opt/devkitpro/libogc/lib/wii/libogc.a(es.o)
 .text._ES_fstat_r
                0x00000000800215d0       0x8c /opt/devkitpro/libogc/lib/wii/libogc.a(es.o)
 .text.__ES_Close.part.0
                0x000000008002165c       0x44 /opt/devkitpro/libogc/lib/wii/libogc.a(es.o)
 .text.__ES_Init
                0x00000000800216a0       0x78 /opt/devkitpro/libogc/lib/wii/libogc.a(es.o)
                0x00000000800216a0                __ES_Init
 .text.__ES_Close
                0x0000000080021718       0x18 /opt/devkitpro/libogc/lib/wii/libogc.a(es.o)
                0x0000000080021718                __ES_Close
 .text.ES_GetTitleID
                0x0000000080021730       0x80 /opt/devkitpro/libogc/lib/wii/libogc.a(es.o)
                0x0000000080021730                ES_GetTitleID
 .text.ES_LaunchTitle
                0x00000000800217b0       0xb4 /opt/devkitpro/libogc/lib/wii/libogc.a(es.o)
                0x00000000800217b0                ES_LaunchTitle
 .text.ES_GetNumTicketViews
                0x0000000080021864       0x84 /opt/devkitpro/libogc/lib/wii/libogc.a(es.o)
                0x0000000080021864                ES_GetNumTicketViews
 .text.ES_GetTicketViews
                0x00000000800218e8       0x8c /opt/devkitpro/libogc/lib/wii/libogc.a(es.o)
                0x00000000800218e8                ES_GetTicketViews
 .text.ES_GetNumTitles
                0x0000000080021974       0x78 /opt/devkitpro/libogc/lib/wii/libogc.a(es.o)
                0x0000000080021974                ES_GetNumTitles
 .text.ES_GetStoredTMDSize
                0x00000000800219ec       0x84 /opt/devkitpro/libogc/lib/wii/libogc.a(es.o)
                0x00000000800219ec                ES_GetStoredTMDSize
 .text.ES_GetStoredTMD
                0x0000000080021a70       0x90 /opt/devkitpro/libogc/lib/wii/libogc.a(es.o)
                0x0000000080021a70                ES_GetStoredTMD
 .text._ES_decodepath
                0x0000000080021b00      0x370 /opt/devkitpro/libogc/lib/wii/libogc.a(es.o)
 .text._ES_stat_r
                0x0000000080021e70       0x5c /opt/devkitpro/libogc/lib/wii/libogc.a(es.o)
 .text.ES_OpenContent
                0x0000000080021ecc       0x30 /opt/devkitpro/libogc/lib/wii/libogc.a(es.o)
                0x0000000080021ecc                ES_OpenContent
 .text.ES_OpenTitleContent
                0x0000000080021efc       0x70 /opt/devkitpro/libogc/lib/wii/libogc.a(es.o)
                0x0000000080021efc                ES_OpenTitleContent
 .text._ES_open_r
                0x0000000080021f6c      0x13c /opt/devkitpro/libogc/lib/wii/libogc.a(es.o)
 .text.ES_ReadContent
                0x00000000800220a8       0x6c /opt/devkitpro/libogc/lib/wii/libogc.a(es.o)
                0x00000000800220a8                ES_ReadContent
 .text._ES_read_r
                0x0000000080022114      0x1c8 /opt/devkitpro/libogc/lib/wii/libogc.a(es.o)
 .text.ES_SeekContent
                0x00000000800222dc       0x4c /opt/devkitpro/libogc/lib/wii/libogc.a(es.o)
                0x00000000800222dc                ES_SeekContent
 .text._ES_seek_r
                0x0000000080022328       0xb8 /opt/devkitpro/libogc/lib/wii/libogc.a(es.o)
 .text.ES_CloseContent
                0x00000000800223e0       0x40 /opt/devkitpro/libogc/lib/wii/libogc.a(es.o)
                0x00000000800223e0                ES_CloseContent
 .text._ES_close_r
                0x0000000080022420       0x8c /opt/devkitpro/libogc/lib/wii/libogc.a(es.o)
 .text.ES_GetBoot2Version
                0x00000000800224ac       0x94 /opt/devkitpro/libogc/lib/wii/libogc.a(es.o)
                0x00000000800224ac                ES_GetBoot2Version
 .text.__usbv5_messageCB
                0x0000000080022540       0x5c /opt/devkitpro/libogc/lib/wii/libogc.a(usb.o)
 .text.__usbv0_messageCB
                0x000000008002259c       0xb0 /opt/devkitpro/libogc/lib/wii/libogc.a(usb.o)
 .text.__usb_control_message
                0x000000008002264c      0x44c /opt/devkitpro/libogc/lib/wii/libogc.a(usb.o)
 .text.__find_device_on_host.part.0
                0x0000000080022a98       0x4c /opt/devkitpro/libogc/lib/wii/libogc.a(usb.o)
 .text.USBV5_SuspendResume
                0x0000000080022ae4       0xe4 /opt/devkitpro/libogc/lib/wii/libogc.a(usb.o)
 .text.__usbv5_devicechangeCB
                0x0000000080022bc8      0x134 /opt/devkitpro/libogc/lib/wii/libogc.a(usb.o)
 .text.__usbv5_attachfinishCB
                0x0000000080022cfc       0xec /opt/devkitpro/libogc/lib/wii/libogc.a(usb.o)
 .text.USB_FreeDescriptors.part.4